Archive member included to satisfy reference by file (symbol)

/usr/lib/gcc/arm-none-eabi/7.3.1/thumb/v6-m/libgcc.a(_dvmd_tls.o)
                              CMakeFiles/wifi_ap.dir/data/home/wuxinyang/PICO_SDK/pico-sdk/src/rp2_common/pico_divider/divider_hardware.S.o (__aeabi_idiv0)
/usr/lib/gcc/arm-none-eabi/7.3.1/../../../arm-none-eabi/lib/thumb/v6-m/libg.a(lib_a-atexit.o)
                              /usr/lib/gcc/arm-none-eabi/7.3.1/../../../arm-none-eabi/lib/thumb/v6-m/crt0.o (atexit)
/usr/lib/gcc/arm-none-eabi/7.3.1/../../../arm-none-eabi/lib/thumb/v6-m/libg.a(lib_a-calloc.o)
                              CMakeFiles/wifi_ap.dir/data/home/wuxinyang/PICO_SDK/pico-sdk/src/rp2_common/pico_malloc/malloc.c.o (calloc)
/usr/lib/gcc/arm-none-eabi/7.3.1/../../../arm-none-eabi/lib/thumb/v6-m/libg.a(lib_a-callocr.o)
                              /usr/lib/gcc/arm-none-eabi/7.3.1/../../../arm-none-eabi/lib/thumb/v6-m/libg.a(lib_a-calloc.o) (_calloc_r)
/usr/lib/gcc/arm-none-eabi/7.3.1/../../../arm-none-eabi/lib/thumb/v6-m/libg.a(lib_a-ctype_.o)
                              CMakeFiles/wifi_ap.dir/src/ssd1306/i2c.c.o (_ctype_)
/usr/lib/gcc/arm-none-eabi/7.3.1/../../../arm-none-eabi/lib/thumb/v6-m/libg.a(lib_a-fini.o)
                              /usr/lib/gcc/arm-none-eabi/7.3.1/../../../arm-none-eabi/lib/thumb/v6-m/crt0.o (__libc_fini_array)
/usr/lib/gcc/arm-none-eabi/7.3.1/../../../arm-none-eabi/lib/thumb/v6-m/libg.a(lib_a-impure.o)
                              /usr/lib/gcc/arm-none-eabi/7.3.1/../../../arm-none-eabi/lib/thumb/v6-m/libg.a(lib_a-calloc.o) (_impure_ptr)
/usr/lib/gcc/arm-none-eabi/7.3.1/../../../arm-none-eabi/lib/thumb/v6-m/libg.a(lib_a-init.o)
                              /usr/lib/gcc/arm-none-eabi/7.3.1/../../../arm-none-eabi/lib/thumb/v6-m/crt0.o (__libc_init_array)
/usr/lib/gcc/arm-none-eabi/7.3.1/../../../arm-none-eabi/lib/thumb/v6-m/libg.a(lib_a-lcltime_r.o)
                              CMakeFiles/wifi_ap.dir/data/home/wuxinyang/PICO_SDK/pico-sdk/src/common/pico_util/datetime.c.o (localtime_r)
/usr/lib/gcc/arm-none-eabi/7.3.1/../../../arm-none-eabi/lib/thumb/v6-m/libg.a(lib_a-malloc.o)
                              CMakeFiles/wifi_ap.dir/data/home/wuxinyang/PICO_SDK/pico-sdk/src/rp2_common/pico_malloc/malloc.c.o (malloc)
/usr/lib/gcc/arm-none-eabi/7.3.1/../../../arm-none-eabi/lib/thumb/v6-m/libg.a(lib_a-mallocr.o)
                              /usr/lib/gcc/arm-none-eabi/7.3.1/../../../arm-none-eabi/lib/thumb/v6-m/libg.a(lib_a-callocr.o) (_malloc_r)
/usr/lib/gcc/arm-none-eabi/7.3.1/../../../arm-none-eabi/lib/thumb/v6-m/libg.a(lib_a-memcmp.o)
                              CMakeFiles/wifi_ap.dir/data/home/wuxinyang/PICO_SDK/pico-sdk/src/rp2_common/pico_atomic/atomic.c.o (memcmp)
/usr/lib/gcc/arm-none-eabi/7.3.1/../../../arm-none-eabi/lib/thumb/v6-m/libg.a(lib_a-mktime.o)
                              CMakeFiles/wifi_ap.dir/data/home/wuxinyang/PICO_SDK/pico-sdk/src/common/pico_util/datetime.c.o (mktime)
/usr/lib/gcc/arm-none-eabi/7.3.1/../../../arm-none-eabi/lib/thumb/v6-m/libg.a(lib_a-mlock.o)
                              /usr/lib/gcc/arm-none-eabi/7.3.1/../../../arm-none-eabi/lib/thumb/v6-m/libg.a(lib_a-mallocr.o) (__malloc_lock)
/usr/lib/gcc/arm-none-eabi/7.3.1/../../../arm-none-eabi/lib/thumb/v6-m/libg.a(lib_a-month_lengths.o)
                              /usr/lib/gcc/arm-none-eabi/7.3.1/../../../arm-none-eabi/lib/thumb/v6-m/libg.a(lib_a-lcltime_r.o) (__month_lengths)
/usr/lib/gcc/arm-none-eabi/7.3.1/../../../arm-none-eabi/lib/thumb/v6-m/libg.a(lib_a-realloc.o)
                              CMakeFiles/wifi_ap.dir/data/home/wuxinyang/PICO_SDK/pico-sdk/src/rp2_common/pico_malloc/malloc.c.o (realloc)
/usr/lib/gcc/arm-none-eabi/7.3.1/../../../arm-none-eabi/lib/thumb/v6-m/libg.a(lib_a-reallocr.o)
                              /usr/lib/gcc/arm-none-eabi/7.3.1/../../../arm-none-eabi/lib/thumb/v6-m/libg.a(lib_a-realloc.o) (_realloc_r)
/usr/lib/gcc/arm-none-eabi/7.3.1/../../../arm-none-eabi/lib/thumb/v6-m/libg.a(lib_a-sbrkr.o)
                              /usr/lib/gcc/arm-none-eabi/7.3.1/../../../arm-none-eabi/lib/thumb/v6-m/libg.a(lib_a-mallocr.o) (_sbrk_r)
/usr/lib/gcc/arm-none-eabi/7.3.1/../../../arm-none-eabi/lib/thumb/v6-m/libg.a(lib_a-strlen-stub.o)
                              CMakeFiles/wifi_ap.dir/src/wifi_ap.c.o (strlen)
/usr/lib/gcc/arm-none-eabi/7.3.1/../../../arm-none-eabi/lib/thumb/v6-m/libg.a(lib_a-tzcalc_limits.o)
                              /usr/lib/gcc/arm-none-eabi/7.3.1/../../../arm-none-eabi/lib/thumb/v6-m/libg.a(lib_a-lcltime_r.o) (__tzcalc_limits)
/usr/lib/gcc/arm-none-eabi/7.3.1/../../../arm-none-eabi/lib/thumb/v6-m/libg.a(lib_a-tzlock.o)
                              /usr/lib/gcc/arm-none-eabi/7.3.1/../../../arm-none-eabi/lib/thumb/v6-m/libg.a(lib_a-lcltime_r.o) (__tz_lock)
/usr/lib/gcc/arm-none-eabi/7.3.1/../../../arm-none-eabi/lib/thumb/v6-m/libg.a(lib_a-tzset.o)
[...]
Memory Configuration

Name             Origin             Length             Attributes
FLASH            0x0000000010000000 0x0000000000200000 xr
RAM              0x0000000020000000 0x0000000000040000 xrw
SCRATCH_X        0x0000000020040000 0x0000000000001000 xrw
SCRATCH_Y        0x0000000020041000 0x0000000000001000 xrw
*default*        0x0000000000000000 0xffffffffffffffff

Linker script and memory map

LOAD /usr/lib/gcc/arm-none-eabi/7.3.1/thumb/v6-m/crti.o
LOAD /usr/lib/gcc/arm-none-eabi/7.3.1/thumb/v6-m/crtbegin.o
LOAD /usr/lib/gcc/arm-none-eabi/7.3.1/../../../arm-none-eabi/lib/thumb/v6-m/crt0.o

.flash_begin    0x0000000010000000        0x0
                0x0000000010000000                __flash_binary_start = .

.boot2          0x0000000010000000      0x100
                0x0000000010000000                __boot2_start__ = .
 *(.boot2)
 .boot2         0x0000000010000000      0x100 pico-sdk/src/rp2040/boot_stage2/CMakeFiles/bs2_default_library.dir/bs2_default_padded_checksummed.S.o
                0x0000000010000100                __boot2_end__ = .
                0x0000000000000001                ASSERT (((__boot2_end__ - __boot2_start__) == 0x100), ERROR: Pico second stage bootloader must be 256 bytes in size)

.text           0x0000000010000100     0x6080
                0x0000000010000100                __logical_binary_start = .
 *(.vectors)
 .vectors       0x0000000010000100       0xd4 CMakeFiles/wifi_ap.dir/data/home/wuxinyang/PICO_SDK/pico-sdk/src/rp2_common/pico_crt0/crt0.S.o
                0x0000000010000100                __vectors
                0x0000000010000100                __VECTOR_TABLE
                0x00000000100001c0                isr_invalid
                0x00000000100001c0                __default_isrs_start
                0x00000000100001c2                isr_nmi
                0x00000000100001c4                isr_hardfault
                0x00000000100001c6                isr_svcall
                0x00000000100001c8                isr_pendsv
                0x00000000100001ca                isr_systick
                0x00000000100001cc                isr_irq30
                0x00000000100001cc                __unhandled_user_irq
                0x00000000100001cc                isr_irq13
                0x00000000100001cc                isr_irq27
                0x00000000100001cc                isr_irq31
                0x00000000100001cc                isr_irq5
                0x00000000100001cc                isr_irq11
                0x00000000100001cc                isr_irq23
                0x00000000100001cc                isr_irq18
                0x00000000100001cc                isr_irq28
                0x00000000100001cc                isr_irq19
                0x00000000100001cc                isr_irq0
                0x00000000100001cc                isr_irq6
                0x00000000100001cc                isr_irq22
                0x00000000100001cc                isr_irq17
                0x00000000100001cc                isr_irq14
                0x00000000100001cc                isr_irq2
                0x00000000100001cc                isr_irq10
                0x00000000100001cc                isr_irq8
                0x00000000100001cc                isr_irq24
                0x00000000100001cc                isr_irq1
                0x00000000100001cc                isr_irq7
                0x00000000100001cc                isr_irq21
                0x00000000100001cc                isr_irq20
                0x00000000100001cc                isr_irq15
                0x00000000100001cc                isr_irq25
                0x00000000100001cc                isr_irq4
                0x00000000100001cc                isr_irq16
                0x00000000100001cc                isr_irq29
                0x00000000100001cc                isr_irq26
                0x00000000100001cc                __default_isrs_end
                0x00000000100001cc                isr_irq3
                0x00000000100001cc                isr_irq12
                0x00000000100001cc                isr_irq9
                0x00000000100001d2                unhandled_user_irq_num_in_r0
 *(.binary_info_header)
 .binary_info_header
                0x00000000100001d4       0x14 CMakeFiles/wifi_ap.dir/data/home/wuxinyang/PICO_SDK/pico-sdk/src/rp2_common/pico_crt0/crt0.S.o
                0x00000000100001e8                __binary_info_header_end = .
 *(.embedded_block)
                0x00000000100001e8                __embedded_block_end = .
 *(.reset)
 .reset         0x00000000100001e8       0x9c CMakeFiles/wifi_ap.dir/data/home/wuxinyang/PICO_SDK/pico-sdk/src/rp2_common/pico_crt0/crt0.S.o
                0x00000000100001e8                _entry_point
 *(.init)
 .init          0x0000000010000284        0x4 /usr/lib/gcc/arm-none-eabi/7.3.1/thumb/v6-m/crti.o
                0x0000000010000284                _init
 *(EXCLUDE_FILE(*libm.a: *libc.a:*lib_a-mem*.o *libgcc.a:) .text*)
 .text          0x0000000010000288       0x98 /usr/lib/gcc/arm-none-eabi/7.3.1/thumb/v6-m/crtbegin.o
 .text.startup.main
                0x0000000010000320      0x12c CMakeFiles/wifi_ap.dir/src/main.c.o
                0x0000000010000320                main
 .text.send_at_command
                0x000000001000044c       0xf4 CMakeFiles/wifi_ap.dir/src/wifi_ap.c.o
                0x000000001000044c                send_at_command
 .text.configure_esp8285
                0x0000000010000540       0x58 CMakeFiles/wifi_ap.dir/src/wifi_ap.c.o
                0x0000000010000540                configure_esp8285
 .text.send_data_to_esp8285
                0x0000000010000598       0x3c CMakeFiles/wifi_ap.dir/src/wifi_ap.c.o
                0x0000000010000598                send_data_to_esp8285
 .text.receive_data_from_esp8285
                0x00000000100005d4       0x28 CMakeFiles/wifi_ap.dir/src/wifi_ap.c.o
                0x00000000100005d4                receive_data_from_esp8285
 .text.init_uart
                0x00000000100005fc       0x40 CMakeFiles/wifi_ap.dir/src/uart.c.o
                0x00000000100005fc                init_uart
 .text.calc_render_area_buflen
                0x000000001000063c       0x18 CMakeFiles/wifi_ap.dir/src/ssd1306/i2c.c.o
                0x000000001000063c                calc_render_area_buflen
 .text.SSD1306_init
                0x0000000010000654       0x58 CMakeFiles/wifi_ap.dir/src/ssd1306/i2c.c.o
                0x0000000010000654                SSD1306_init
 .text.SSD1306_scroll
                0x00000000100006ac       0x58 CMakeFiles/wifi_ap.dir/src/ssd1306/i2c.c.o
                0x00000000100006ac                SSD1306_scroll
 .text.render   0x0000000010000704       0x9c CMakeFiles/wifi_ap.dir/src/ssd1306/i2c.c.o
                0x0000000010000704                render
 .text.WriteString
                0x00000000100007a0       0xd4 CMakeFiles/wifi_ap.dir/src/ssd1306/i2c.c.o
                0x00000000100007a0                WriteString
 .text.gpio_set_function
                0x0000000010000874       0x34 CMakeFiles/wifi_ap.dir/data/home/wuxinyang/PICO_SDK/pico-sdk/src/rp2_common/hardware_gpio/gpio.c.o
                0x0000000010000874                gpio_set_function
 .text.gpio_set_pulls
                0x00000000100008a8       0x34 CMakeFiles/wifi_ap.dir/data/home/wuxinyang/PICO_SDK/pico-sdk/src/rp2_common/hardware_gpio/gpio.c.o
                0x00000000100008a8                gpio_set_pulls
 .text.gpio_init
                0x00000000100008dc       0x40 CMakeFiles/wifi_ap.dir/data/home/wuxinyang/PICO_SDK/pico-sdk/src/rp2_common/hardware_gpio/gpio.c.o
                0x00000000100008dc                gpio_init
 .text.panic    0x000000001000091c       0x30 CMakeFiles/wifi_ap.dir/data/home/wuxinyang/PICO_SDK/pico-sdk/src/rp2_common/pico_platform_panic/panic.c.o
                0x000000001000091c                panic
 .text.hw_claim_or_assert
                0x000000001000094c       0x44 CMakeFiles/wifi_ap.dir/data/home/wuxinyang/PICO_SDK/pico-sdk/src/common/hardware_claim/claim.c.o
                0x000000001000094c                hw_claim_or_assert
 .text.next_striped_spin_lock_num
                0x0000000010000990       0x18 CMakeFiles/wifi_ap.dir/data/home/wuxinyang/PICO_SDK/pico-sdk/src/rp2_common/hardware_sync/sync.c.o
                0x0000000010000990                next_striped_spin_lock_num
 .text.spin_locks_reset
                0x00000000100009a8       0x1c CMakeFiles/wifi_ap.dir/data/home/wuxinyang/PICO_SDK/pico-sdk/src/rp2_common/hardware_sync_spin_lock/sync_spin_lock.c.o
                0x00000000100009a8                spin_locks_reset
 .text.runtime_init_per_core_irq_priorities
                0x00000000100009c4       0x24 CMakeFiles/wifi_ap.dir/data/home/wuxinyang/PICO_SDK/pico-sdk/src/rp2_common/hardware_irq/irq.c.o
                0x00000000100009c4                runtime_init_per_core_irq_priorities
 .text.irq_set_enabled
                0x00000000100009e8       0x24 CMakeFiles/wifi_ap.dir/data/home/wuxinyang/PICO_SDK/pico-sdk/src/rp2_common/hardware_irq/irq.c.o
                0x00000000100009e8                irq_set_enabled
 .text.irq_set_exclusive_handler
                0x0000000010000a0c       0x54 CMakeFiles/wifi_ap.dir/data/home/wuxinyang/PICO_SDK/pico-sdk/src/rp2_common/hardware_irq/irq.c.o
                0x0000000010000a0c                irq_set_exclusive_handler
 .text.irq_remove_handler
                0x0000000010000a60      0x1bc CMakeFiles/wifi_ap.dir/data/home/wuxinyang/PICO_SDK/pico-sdk/src/rp2_common/hardware_irq/irq.c.o
                0x0000000010000a60                irq_remove_handler
 .text.irq_add_tail_to_free_list
                0x0000000010000c1c       0xb4 CMakeFiles/wifi_ap.dir/data/home/wuxinyang/PICO_SDK/pico-sdk/src/rp2_common/hardware_irq/irq.c.o
                0x0000000010000c1c                irq_add_tail_to_free_list
 .text.lock_init
                0x0000000010000cd0       0x10 CMakeFiles/wifi_ap.dir/data/home/wuxinyang/PICO_SDK/pico-sdk/src/common/pico_sync/lock_core.c.o
                0x0000000010000cd0                lock_init
 .text.runtime_init_mutex
                0x0000000010000ce0       0x68 CMakeFiles/wifi_ap.dir/data/home/wuxinyang/PICO_SDK/pico-sdk/src/common/pico_sync/mutex.c.o
                0x0000000010000ce0                runtime_init_mutex
 .text.sleep_until_callback
                0x0000000010000d48       0x30 CMakeFiles/wifi_ap.dir/data/home/wuxinyang/PICO_SDK/pico-sdk/src/common/pico_time/time.c.o
 .text.alarm_pool_irq_handler
                0x0000000010000d78      0x308 CMakeFiles/wifi_ap.dir/data/home/wuxinyang/PICO_SDK/pico-sdk/src/common/pico_time/time.c.o
 .text.runtime_init_default_alarm_pool
                0x0000000010001080       0xd8 CMakeFiles/wifi_ap.dir/data/home/wuxinyang/PICO_SDK/pico-sdk/src/common/pico_time/time.c.o
                0x0000000010001080                runtime_init_default_alarm_pool
 .text.alarm_pool_add_alarm_at_force_in_context
                0x0000000010001158       0xa8 CMakeFiles/wifi_ap.dir/data/home/wuxinyang/PICO_SDK/pico-sdk/src/common/pico_time/time.c.o
                0x0000000010001158                alarm_pool_add_alarm_at_force_in_context
 .text.sleep_ms
                0x0000000010001200       0xf4 CMakeFiles/wifi_ap.dir/data/home/wuxinyang/PICO_SDK/pico-sdk/src/common/pico_time/time.c.o
                0x0000000010001200                sleep_ms
 .text.best_effort_wfe_or_timeout
                0x00000000100012f4      0x1bc CMakeFiles/wifi_ap.dir/data/home/wuxinyang/PICO_SDK/pico-sdk/src/common/pico_time/time.c.o
                0x00000000100012f4                best_effort_wfe_or_timeout
 .text.timer_hardware_alarm_claim
                0x00000000100014b0       0x14 CMakeFiles/wifi_ap.dir/data/home/wuxinyang/PICO_SDK/pico-sdk/src/rp2_common/hardware_timer/timer.c.o
                0x00000000100014b0                timer_hardware_alarm_claim
 .text.timer_time_us_64
                0x00000000100014c4       0x14 CMakeFiles/wifi_ap.dir/data/home/wuxinyang/PICO_SDK/pico-sdk/src/rp2_common/hardware_timer/timer.c.o
                0x00000000100014c4                timer_time_us_64
 .text.time_us_64
                0x00000000100014d8       0x18 CMakeFiles/wifi_ap.dir/data/home/wuxinyang/PICO_SDK/pico-sdk/src/rp2_common/hardware_timer/timer.c.o
                0x00000000100014d8                time_us_64
 .text.busy_wait_us
                0x00000000100014f0       0x60 CMakeFiles/wifi_ap.dir/data/home/wuxinyang/PICO_SDK/pico-sdk/src/rp2_common/hardware_timer/timer.c.o
                0x00000000100014f0                busy_wait_us
 .text.busy_wait_until
                0x0000000010001550       0x20 CMakeFiles/wifi_ap.dir/data/home/wuxinyang/PICO_SDK/pico-sdk/src/rp2_common/hardware_timer/timer.c.o
                0x0000000010001550                busy_wait_until
 .text.uart_init
                0x0000000010001570      0x118 CMakeFiles/wifi_ap.dir/data/home/wuxinyang/PICO_SDK/pico-sdk/src/rp2_common/hardware_uart/uart.c.o
                0x0000000010001570                uart_init
 .text.uart_set_format
                0x0000000010001688       0x78 CMakeFiles/wifi_ap.dir/data/home/wuxinyang/PICO_SDK/pico-sdk/src/rp2_common/hardware_uart/uart.c.o
                0x0000000010001688                uart_set_format
 .text.clock_configure_int_divider
                0x0000000010001700       0xf0 CMakeFiles/wifi_ap.dir/data/home/wuxinyang/PICO_SDK/pico-sdk/src/rp2_common/hardware_clocks/clocks.c.o
                0x0000000010001700                clock_configure_int_divider
 .text.clock_configure_undivided
                0x00000000100017f0       0xe8 CMakeFiles/wifi_ap.dir/data/home/wuxinyang/PICO_SDK/pico-sdk/src/rp2_common/hardware_clocks/clocks.c.o
                0x00000000100017f0                clock_configure_undivided
 .text.clock_get_hz
                0x00000000100018d8        0xc CMakeFiles/wifi_ap.dir/data/home/wuxinyang/PICO_SDK/pico-sdk/src/rp2_common/hardware_clocks/clocks.c.o
                0x00000000100018d8                clock_get_hz
 .text.pll_init
                0x00000000100018e4       0xa0 CMakeFiles/wifi_ap.dir/data/home/wuxinyang/PICO_SDK/pico-sdk/src/rp2_common/hardware_pll/pll.c.o
                0x00000000100018e4                pll_init
 .text.tick_start
                0x0000000010001984       0x10 CMakeFiles/wifi_ap.dir/data/home/wuxinyang/PICO_SDK/pico-sdk/src/rp2_common/hardware_ticks/ticks.c.o
                0x0000000010001984                tick_start
 .text.rom_func_lookup
                0x0000000010001994       0x10 CMakeFiles/wifi_ap.dir/data/home/wuxinyang/PICO_SDK/pico-sdk/src/rp2_common/pico_bootrom/bootrom.c.o
                0x0000000010001994                rom_func_lookup
 .text.rom_data_lookup
                0x00000000100019a4       0x10 CMakeFiles/wifi_ap.dir/data/home/wuxinyang/PICO_SDK/pico-sdk/src/rp2_common/pico_bootrom/bootrom.c.o
                0x00000000100019a4                rom_data_lookup
 .text.rom_funcs_lookup
                0x00000000100019b4       0x3c CMakeFiles/wifi_ap.dir/data/home/wuxinyang/PICO_SDK/pico-sdk/src/rp2_common/pico_bootrom/bootrom.c.o
                0x00000000100019b4                rom_funcs_lookup
 .text.xosc_init
                0x00000000100019f0       0x28 CMakeFiles/wifi_ap.dir/data/home/wuxinyang/PICO_SDK/pico-sdk/src/rp2_common/hardware_xosc/xosc.c.o
                0x00000000100019f0                xosc_init
 .text.first_per_core_initializer
                0x0000000010001a18        0x4 CMakeFiles/wifi_ap.dir/data/home/wuxinyang/PICO_SDK/pico-sdk/src/rp2_common/pico_runtime/runtime.c.o
 .text.hard_assertion_failure
                0x0000000010001a1c        0xc CMakeFiles/wifi_ap.dir/data/home/wuxinyang/PICO_SDK/pico-sdk/src/rp2_common/pico_runtime/runtime.c.o
                0x0000000010001a1c                hard_assertion_failure
 .text.runtime_run_initializers
                0x0000000010001a28       0x28 CMakeFiles/wifi_ap.dir/data/home/wuxinyang/PICO_SDK/pico-sdk/src/rp2_common/pico_runtime/runtime.c.o
                0x0000000010001a28                runtime_run_initializers
 .text.runtime_init_early_resets
                0x0000000010001a50       0x2c CMakeFiles/wifi_ap.dir/data/home/wuxinyang/PICO_SDK/pico-sdk/src/rp2_common/pico_runtime_init/runtime_init.c.o
                0x0000000010001a50                runtime_init_early_resets
 .text.runtime_init_usb_power_down
                0x0000000010001a7c       0x1c CMakeFiles/wifi_ap.dir/data/home/wuxinyang/PICO_SDK/pico-sdk/src/rp2_common/pico_runtime_init/runtime_init.c.o
                0x0000000010001a7c                runtime_init_usb_power_down
 .text.runtime_init_post_clock_resets
                0x0000000010001a98       0x20 CMakeFiles/wifi_ap.dir/data/home/wuxinyang/PICO_SDK/pico-sdk/src/rp2_common/pico_runtime_init/runtime_init.c.o
                0x0000000010001a98                runtime_init_post_clock_resets
 .text.runtime_init_rp2040_gpio_ie_disable
                0x0000000010001ab8       0x14 CMakeFiles/wifi_ap.dir/data/home/wuxinyang/PICO_SDK/pico-sdk/src/rp2_common/pico_runtime_init/runtime_init.c.o
                0x0000000010001ab8                runtime_init_rp2040_gpio_ie_disable
 .text.runtime_init_spin_locks_reset
                0x0000000010001acc        0x8 CMakeFiles/wifi_ap.dir/data/home/wuxinyang/PICO_SDK/pico-sdk/src/rp2_common/pico_runtime_init/runtime_init.c.o
                0x0000000010001acc                runtime_init_spin_locks_reset
 .text.runtime_init_install_ram_vector_table
                0x0000000010001ad4       0x1c CMakeFiles/wifi_ap.dir/data/home/wuxinyang/PICO_SDK/pico-sdk/src/rp2_common/pico_runtime_init/runtime_init.c.o
                0x0000000010001ad4                runtime_init_install_ram_vector_table
 .text.runtime_init_clocks
                0x0000000010001af0       0xd8 CMakeFiles/wifi_ap.dir/data/home/wuxinyang/PICO_SDK/pico-sdk/src/rp2_common/pico_runtime_init/runtime_init_clocks.c.o
                0x0000000010001af0                runtime_init_clocks
 .text          0x0000000010001bc8       0x10 CMakeFiles/wifi_ap.dir/data/home/wuxinyang/PICO_SDK/pico-sdk/src/rp2_common/pico_bit_ops/bit_ops_aeabi.S.o
 .text.__wrap___aeabi_idiv
                0x0000000010001bd8       0x50 CMakeFiles/wifi_ap.dir/data/home/wuxinyang/PICO_SDK/pico-sdk/src/rp2_common/pico_divider/divider_hardware.S.o
                0x0000000010001bd8                __wrap___aeabi_idivmod
                0x0000000010001bd8                divmod_s32s32
                0x0000000010001bd8                div_s32s32
                0x0000000010001bd8                __wrap___aeabi_idiv
                0x0000000010001be0                divmod_s32s32_unsafe
                0x0000000010001c0c                divmod_s32s32_savestate
 .text.__wrap___aeabi_uidiv
                0x0000000010001c28       0x4c CMakeFiles/wifi_ap.dir/data/home/wuxinyang/PICO_SDK/pico-sdk/src/rp2_common/pico_divider/divider_hardware.S.o
                0x0000000010001c28                __wrap___aeabi_uidiv
                0x0000000010001c28                __wrap___aeabi_uidivmod
                0x0000000010001c28                div_u32u32
                0x0000000010001c28                divmod_u32u32
                0x0000000010001c30                divmod_u32u32_unsafe
                0x0000000010001c58                divmod_u32u32_savestate
 .text.__wrap___aeabi_ldiv
                0x0000000010001c74      0x424 CMakeFiles/wifi_ap.dir/data/home/wuxinyang/PICO_SDK/pico-sdk/src/rp2_common/pico_divider/divider_hardware.S.o
                0x0000000010001c74                div_s64s64
                0x0000000010001c74                divmod_s64s64
                0x0000000010001c74                __wrap___aeabi_ldivmod
                0x0000000010001ca4                div_u64u64
                0x0000000010001ca4                divmod_u64u64
                0x0000000010001ca4                __wrap___aeabi_uldivmod
                0x0000000010001cb4                divmod_u64u64_savestate
                0x0000000010001cd4                divmod_s64s64_unsafe
                0x0000000010001d5c                divmod_u64u64_unsafe
 .text.__wrap___aeabi_darithmetic
                0x0000000010002098       0x80 CMakeFiles/wifi_ap.dir/data/home/wuxinyang/PICO_SDK/pico-sdk/src/rp2_common/pico_double/double_aeabi_rp2040.S.o
                0x0000000010002098                __wrap___aeabi_drsub
                0x000000001000209e                __wrap___aeabi_dsub
                0x00000000100020b0                __wrap___aeabi_dadd
                0x00000000100020c2                __wrap___aeabi_ddiv
                0x00000000100020fe                __wrap___aeabi_dmul
 .text.__wrap___aeabi_cdcmple
                0x0000000010002118       0x6c CMakeFiles/wifi_ap.dir/data/home/wuxinyang/PICO_SDK/pico-sdk/src/rp2_common/pico_double/double_aeabi_rp2040.S.o
                0x0000000010002118                __wrap___aeabi_cdrcmple
                0x0000000010002128                __wrap___aeabi_cdcmple
                0x0000000010002128                __wrap___aeabi_cdcmpeq
 .text.__wrap___aeabi_dcmplt
                0x0000000010002184        0xc CMakeFiles/wifi_ap.dir/data/home/wuxinyang/PICO_SDK/pico-sdk/src/rp2_common/pico_double/double_aeabi_rp2040.S.o
                0x0000000010002184                __wrap___aeabi_dcmplt
 .text.__wrap___aeabi_dcmpge
                0x0000000010002190       0x10 CMakeFiles/wifi_ap.dir/data/home/wuxinyang/PICO_SDK/pico-sdk/src/rp2_common/pico_double/double_aeabi_rp2040.S.o
                0x0000000010002190                __wrap___aeabi_dcmpge
 .text.__wrap___aeabi_dcmpgt
                0x00000000100021a0        0xa CMakeFiles/wifi_ap.dir/data/home/wuxinyang/PICO_SDK/pico-sdk/src/rp2_common/pico_double/double_aeabi_rp2040.S.o
                0x00000000100021a0                __wrap___aeabi_dcmpgt
 .text.__wrap___aeabi_dcmpun
                0x00000000100021aa       0x18 CMakeFiles/wifi_ap.dir/data/home/wuxinyang/PICO_SDK/pico-sdk/src/rp2_common/pico_double/double_aeabi_rp2040.S.o
                0x00000000100021aa                __wrap___aeabi_dcmpun
 *fill*         0x00000000100021c2        0x2 
 .text.__wrap___aeabi_i2d
                0x00000000100021c4       0x38 CMakeFiles/wifi_ap.dir/data/home/wuxinyang/PICO_SDK/pico-sdk/src/rp2_common/pico_double/double_aeabi_rp2040.S.o
                0x00000000100021c4                __wrap___aeabi_ui2d
                0x00000000100021cc                __wrap___aeabi_i2d
 .text.__wrap___aeabi_d2iz
                0x00000000100021fc       0x48 CMakeFiles/wifi_ap.dir/data/home/wuxinyang/PICO_SDK/pico-sdk/src/rp2_common/pico_double/double_aeabi_rp2040.S.o
                0x00000000100021fc                __wrap___aeabi_d2iz
                0x00000000100021fc                double2int_z
 .text.__wrap___aeabi_d2uiz
                0x0000000010002244       0x18 CMakeFiles/wifi_ap.dir/data/home/wuxinyang/PICO_SDK/pico-sdk/src/rp2_common/pico_double/double_aeabi_rp2040.S.o
                0x0000000010002244                double2uint
                0x0000000010002244                __wrap___aeabi_d2uiz
 .text.__aeabi_double_init
                0x000000001000225c       0x6c CMakeFiles/wifi_ap.dir/data/home/wuxinyang/PICO_SDK/pico-sdk/src/rp2_common/pico_double/double_init_rom_rp2040.c.o
                0x000000001000225c                __aeabi_double_init
 .text.double_table_shim_on_use_helper
                0x00000000100022c8       0x2c CMakeFiles/wifi_ap.dir/data/home/wuxinyang/PICO_SDK/pico-sdk/src/rp2_common/pico_double/double_v1_rom_shim_rp2040.S.o
                0x00000000100022c8                double_table_shim_on_use_helper
 .text.__wrap___aeabi_dsub
                0x00000000100022f4       0x10 CMakeFiles/wifi_ap.dir/data/home/wuxinyang/PICO_SDK/pico-sdk/src/rp2_common/pico_double/double_v1_rom_shim_rp2040.S.o
                0x00000000100022f4                drsub_shim
                0x00000000100022fa                dsub_shim
 .text.dadd_shim
                0x0000000010002304      0x15c CMakeFiles/wifi_ap.dir/data/home/wuxinyang/PICO_SDK/pico-sdk/src/rp2_common/pico_double/double_v1_rom_shim_rp2040.S.o
                0x0000000010002304                dadd_shim
 .text.dmul_shim
                0x0000000010002460      0x15c CMakeFiles/wifi_ap.dir/data/home/wuxinyang/PICO_SDK/pico-sdk/src/rp2_common/pico_double/double_v1_rom_shim_rp2040.S.o
                0x0000000010002460                dmul_shim
 .text.ddiv_shim
                0x00000000100025bc      0x1b0 CMakeFiles/wifi_ap.dir/data/home/wuxinyang/PICO_SDK/pico-sdk/src/rp2_common/pico_double/double_v1_rom_shim_rp2040.S.o
                0x00000000100025bc                ddiv_shim
 .text.double2uint_shim
                0x000000001000276c        0xe CMakeFiles/wifi_ap.dir/data/home/wuxinyang/PICO_SDK/pico-sdk/src/rp2_common/pico_double/double_v1_rom_shim_rp2040.S.o
                0x000000001000276c                double2uint_shim
                0x000000001000276e                double2ufix_shim
 *fill*         0x000000001000277a        0x2 
 .text.double2uint64_shim
                0x000000001000277c       0x70 CMakeFiles/wifi_ap.dir/data/home/wuxinyang/PICO_SDK/pico-sdk/src/rp2_common/pico_double/double_v1_rom_shim_rp2040.S.o
                0x000000001000277c                double2uint64_shim
                0x000000001000277e                double2ufix64_shim
                0x000000001000279e                d2fix_a
 .text.dunpacks
                0x00000000100027ec       0x3c CMakeFiles/wifi_ap.dir/data/home/wuxinyang/PICO_SDK/pico-sdk/src/rp2_common/pico_double/double_v1_rom_shim_rp2040.S.o
                0x00000000100027ec                dunpacks
 .text.__aeabi_lmul
                0x0000000010002828       0x32 CMakeFiles/wifi_ap.dir/data/home/wuxinyang/PICO_SDK/pico-sdk/src/rp2_common/pico_int64_ops/pico_int64_ops_aeabi.S.o
                0x0000000010002828                __wrap___aeabi_lmul
 *fill*         0x000000001000285a        0x2 
 .text.__aeabi_float_init
                0x000000001000285c       0x68 CMakeFiles/wifi_ap.dir/data/home/wuxinyang/PICO_SDK/pico-sdk/src/rp2_common/pico_float/float_init_rom_rp2040.c.o
                0x000000001000285c                __aeabi_float_init
 .text.float_table_shim_on_use_helper
                0x00000000100028c4       0x2c CMakeFiles/wifi_ap.dir/data/home/wuxinyang/PICO_SDK/pico-sdk/src/rp2_common/pico_float/float_v1_rom_shim_rp2040.S.o
                0x00000000100028c4                float_table_shim_on_use_helper
 .text.__wrap_malloc
                0x00000000100028f0       0x24 CMakeFiles/wifi_ap.dir/data/home/wuxinyang/PICO_SDK/pico-sdk/src/rp2_common/pico_malloc/malloc.c.o
                0x00000000100028f0                __wrap_malloc
 .text.__wrap_free
                0x0000000010002914        0x8 CMakeFiles/wifi_ap.dir/data/home/wuxinyang/PICO_SDK/pico-sdk/src/rp2_common/pico_malloc/malloc.c.o
                0x0000000010002914                __wrap_free
 .text          0x000000001000291c       0x10 CMakeFiles/wifi_ap.dir/data/home/wuxinyang/PICO_SDK/pico-sdk/src/rp2_common/pico_mem_ops/mem_ops_aeabi.S.o
                0x000000001000291c                __aeabi_mem_init
 .text.memset   0x000000001000292c        0xc CMakeFiles/wifi_ap.dir/data/home/wuxinyang/PICO_SDK/pico-sdk/src/rp2_common/pico_mem_ops/mem_ops_aeabi.S.o
                0x000000001000292c                __wrap_memset
 .text.memcpy   0x0000000010002938        0xc CMakeFiles/wifi_ap.dir/data/home/wuxinyang/PICO_SDK/pico-sdk/src/rp2_common/pico_mem_ops/mem_ops_aeabi.S.o
                0x0000000010002938                __wrap___aeabi_memcpy
                0x0000000010002938                __wrap_memcpy
 .text._out_buffer
                0x0000000010002944        0x8 CMakeFiles/wifi_ap.dir/data/home/wuxinyang/PICO_SDK/pico-sdk/src/rp2_common/pico_printf/printf.c.o
 .text._out_null
                0x000000001000294c        0x4 CMakeFiles/wifi_ap.dir/data/home/wuxinyang/PICO_SDK/pico-sdk/src/rp2_common/pico_printf/printf.c.o
 .text._out_fct
                0x0000000010002950       0x10 CMakeFiles/wifi_ap.dir/data/home/wuxinyang/PICO_SDK/pico-sdk/src/rp2_common/pico_printf/printf.c.o
 .text._out_char
                0x0000000010002960        0xc CMakeFiles/wifi_ap.dir/data/home/wuxinyang/PICO_SDK/pico-sdk/src/rp2_common/pico_printf/printf.c.o
 .text._ntoa_format
                0x000000001000296c      0x270 CMakeFiles/wifi_ap.dir/data/home/wuxinyang/PICO_SDK/pico-sdk/src/rp2_common/pico_printf/printf.c.o
 .text._etoa.part.0
                0x0000000010002bdc      0x56c CMakeFiles/wifi_ap.dir/data/home/wuxinyang/PICO_SDK/pico-sdk/src/rp2_common/pico_printf/printf.c.o
 .text._ftoa    0x0000000010003148      0x6f8 CMakeFiles/wifi_ap.dir/data/home/wuxinyang/PICO_SDK/pico-sdk/src/rp2_common/pico_printf/printf.c.o
 .text._ftoa.part.1
                0x0000000010003840      0x54c CMakeFiles/wifi_ap.dir/data/home/wuxinyang/PICO_SDK/pico-sdk/src/rp2_common/pico_printf/printf.c.o
 .text._vsnprintf
                0x0000000010003d8c     0x11e0 CMakeFiles/wifi_ap.dir/data/home/wuxinyang/PICO_SDK/pico-sdk/src/rp2_common/pico_printf/printf.c.o
 .text.__wrap_sprintf
                0x0000000010004f6c       0x28 CMakeFiles/wifi_ap.dir/data/home/wuxinyang/PICO_SDK/pico-sdk/src/rp2_common/pico_printf/printf.c.o
                0x0000000010004f6c                __wrap_sprintf
 .text.vfctprintf
                0x0000000010004f94       0x20 CMakeFiles/wifi_ap.dir/data/home/wuxinyang/PICO_SDK/pico-sdk/src/rp2_common/pico_printf/printf.c.o
                0x0000000010004f94                vfctprintf
 .text.weak_raw_vprintf
                0x0000000010004fb4       0x30 CMakeFiles/wifi_ap.dir/data/home/wuxinyang/PICO_SDK/pico-sdk/src/rp2_common/pico_printf/printf.c.o
                0x0000000010004fb4                weak_raw_vprintf
 .text._exit    0x0000000010004fe4        0x4 CMakeFiles/wifi_ap.dir/data/home/wuxinyang/PICO_SDK/pico-sdk/src/rp2_common/pico_clib_interface/newlib_interface.c.o
                0x0000000010004fe4                _exit
 .text._sbrk    0x0000000010004fe8       0x34 CMakeFiles/wifi_ap.dir/data/home/wuxinyang/PICO_SDK/pico-sdk/src/rp2_common/pico_clib_interface/newlib_interface.c.o
                0x0000000010004fe8                _sbrk
 .text.exit     0x000000001000501c        0x8 CMakeFiles/wifi_ap.dir/data/home/wuxinyang/PICO_SDK/pico-sdk/src/rp2_common/pico_clib_interface/newlib_interface.c.o
                0x000000001000501c                exit
 .text.runtime_init
                0x0000000010005024       0x2c CMakeFiles/wifi_ap.dir/data/home/wuxinyang/PICO_SDK/pico-sdk/src/rp2_common/pico_clib_interface/newlib_interface.c.o
                0x0000000010005024                runtime_init
 .text.stdio_out_chars_no_crlf
                0x0000000010005050       0x10 CMakeFiles/wifi_ap.dir/data/home/wuxinyang/PICO_SDK/pico-sdk/src/rp2_common/pico_stdio/stdio.c.o
 .text.stdio_out_chars_crlf
                0x0000000010005060       0x9c CMakeFiles/wifi_ap.dir/data/home/wuxinyang/PICO_SDK/pico-sdk/src/rp2_common/pico_stdio/stdio.c.o
 .text.stdio_stack_buffer_flush.part.1
                0x00000000100050fc       0xdc CMakeFiles/wifi_ap.dir/data/home/wuxinyang/PICO_SDK/pico-sdk/src/rp2_common/pico_stdio/stdio.c.o
 .text.stdio_buffered_printer
                0x00000000100051d8       0x20 CMakeFiles/wifi_ap.dir/data/home/wuxinyang/PICO_SDK/pico-sdk/src/rp2_common/pico_stdio/stdio.c.o
 .text.stdio_put_string
                0x00000000100051f8       0xfc CMakeFiles/wifi_ap.dir/data/home/wuxinyang/PICO_SDK/pico-sdk/src/rp2_common/pico_stdio/stdio.c.o
                0x00000000100051f8                stdio_put_string
 .text.stdio_set_driver_enabled
                0x00000000100052f4       0x30 CMakeFiles/wifi_ap.dir/data/home/wuxinyang/PICO_SDK/pico-sdk/src/rp2_common/pico_stdio/stdio.c.o
                0x00000000100052f4                stdio_set_driver_enabled
 .text.stdio_init_all
                0x0000000010005324        0xc CMakeFiles/wifi_ap.dir/data/home/wuxinyang/PICO_SDK/pico-sdk/src/rp2_common/pico_stdio/stdio.c.o
                0x0000000010005324                stdio_init_all
 .text.__wrap_putchar
                0x0000000010005330       0x94 CMakeFiles/wifi_ap.dir/data/home/wuxinyang/PICO_SDK/pico-sdk/src/rp2_common/pico_stdio/stdio.c.o
                0x0000000010005330                stdio_putchar
                0x0000000010005330                __wrap_putchar
 .text.__wrap_puts
                0x00000000100053c4       0x3c CMakeFiles/wifi_ap.dir/data/home/wuxinyang/PICO_SDK/pico-sdk/src/rp2_common/pico_stdio/stdio.c.o
                0x00000000100053c4                __wrap_puts
                0x00000000100053c4                stdio_puts
 .text.__wrap_vprintf
                0x0000000010005400       0x8c CMakeFiles/wifi_ap.dir/data/home/wuxinyang/PICO_SDK/pico-sdk/src/rp2_common/pico_stdio/stdio.c.o
                0x0000000010005400                __wrap_vprintf
                0x0000000010005400                stdio_vprintf
 .text.__wrap_printf
                0x000000001000548c       0x18 CMakeFiles/wifi_ap.dir/data/home/wuxinyang/PICO_SDK/pico-sdk/src/rp2_common/pico_stdio/stdio.c.o
                0x000000001000548c                stdio_printf
                0x000000001000548c                __wrap_printf
 .text.stdio_uart_out_chars
                0x00000000100054a4       0x4c CMakeFiles/wifi_ap.dir/data/home/wuxinyang/PICO_SDK/pico-sdk/src/rp2_common/pico_stdio_uart/stdio_uart.c.o
 .text.stdio_uart_in_chars
                0x00000000100054f0       0x80 CMakeFiles/wifi_ap.dir/data/home/wuxinyang/PICO_SDK/pico-sdk/src/rp2_common/pico_stdio_uart/stdio_uart.c.o
                0x00000000100054f0                stdio_uart_in_chars
 .text.on_uart_rx
                0x0000000010005570       0x28 CMakeFiles/wifi_ap.dir/data/home/wuxinyang/PICO_SDK/pico-sdk/src/rp2_common/pico_stdio_uart/stdio_uart.c.o
 .text.stdio_uart_out_flush
                0x0000000010005598       0x14 CMakeFiles/wifi_ap.dir/data/home/wuxinyang/PICO_SDK/pico-sdk/src/rp2_common/pico_stdio_uart/stdio_uart.c.o
 .text.stdio_uart_set_chars_available_callback
                0x00000000100055ac       0x80 CMakeFiles/wifi_ap.dir/data/home/wuxinyang/PICO_SDK/pico-sdk/src/rp2_common/pico_stdio_uart/stdio_uart.c.o
 .text.stdio_uart_init
                0x000000001000562c       0x50 CMakeFiles/wifi_ap.dir/data/home/wuxinyang/PICO_SDK/pico-sdk/src/rp2_common/pico_stdio_uart/stdio_uart.c.o
                0x000000001000562c                stdio_uart_init
 .text.i2c_init
                0x000000001000567c      0x104 CMakeFiles/wifi_ap.dir/data/home/wuxinyang/PICO_SDK/pico-sdk/src/rp2_common/hardware_i2c/i2c.c.o
                0x000000001000567c                i2c_init
 .text.i2c_write_blocking
                0x0000000010005780       0xdc CMakeFiles/wifi_ap.dir/data/home/wuxinyang/PICO_SDK/pico-sdk/src/rp2_common/hardware_i2c/i2c.c.o
                0x0000000010005780                i2c_write_blocking
 .text          0x000000001000585c       0x28 /usr/lib/gcc/arm-none-eabi/7.3.1/../../../arm-none-eabi/lib/thumb/v6-m/libg.a(lib_a-malloc.o)
                0x000000001000585c                malloc
                0x0000000010005870                free
 .text          0x0000000010005884      0x570 /usr/lib/gcc/arm-none-eabi/7.3.1/../../../arm-none-eabi/lib/thumb/v6-m/libg.a(lib_a-mallocr.o)
                0x0000000010005884                _malloc_r
 .text          0x0000000010005df4        0x8 /usr/lib/gcc/arm-none-eabi/7.3.1/../../../arm-none-eabi/lib/thumb/v6-m/libg.a(lib_a-mlock.o)
                0x0000000010005df4                __malloc_lock
                0x0000000010005df8                __malloc_unlock
 .text          0x0000000010005dfc       0x24 /usr/lib/gcc/arm-none-eabi/7.3.1/../../../arm-none-eabi/lib/thumb/v6-m/libg.a(lib_a-sbrkr.o)
                0x0000000010005dfc                _sbrk_r
 .text          0x0000000010005e20       0x64 /usr/lib/gcc/arm-none-eabi/7.3.1/../../../arm-none-eabi/lib/thumb/v6-m/libg.a(lib_a-strlen-stub.o)
                0x0000000010005e20                strlen
 .text          0x0000000010005e84      0x274 /usr/lib/gcc/arm-none-eabi/7.3.1/../../../arm-none-eabi/lib/thumb/v6-m/libg.a(lib_a-freer.o)
                0x0000000010005e84                _malloc_trim_r
                0x0000000010005f24                _free_r
 *(.fini)
 .fini          0x00000000100060f8        0x4 /usr/lib/gcc/arm-none-eabi/7.3.1/thumb/v6-m/crti.o
                0x00000000100060f8                _fini
 *fill*         0x00000000100060fc        0x4 
 .fini.__stub   0x0000000010006100       0x40 linker stubs
 *crtbegin.o(.ctors)
 *crtbegin?.o(.ctors)
 *(EXCLUDE_FILE(*crtend.o *crtend?.o) .ctors)
 *(SORT_BY_NAME(.ctors.*))
 *(.ctors)
 *crtbegin.o(.dtors)
 *crtbegin?.o(.dtors)
 *(EXCLUDE_FILE(*crtend.o *crtend?.o) .dtors)
 *(SORT_BY_NAME(.dtors.*))
 *(.dtors)
                0x0000000010006140                . = ALIGN (0x4)
                0x0000000010006140                PROVIDE (__preinit_array_start = .)
 *(SORT_BY_NAME(.preinit_array.*))
 .preinit_array.00100
                0x0000000010006140        0x4 CMakeFiles/wifi_ap.dir/data/home/wuxinyang/PICO_SDK/pico-sdk/src/rp2_common/pico_runtime_init/runtime_init.c.o
                0x0000000010006140                __pre_init_runtime_init_early_resets
 .preinit_array.00101
                0x0000000010006144        0x4 CMakeFiles/wifi_ap.dir/data/home/wuxinyang/PICO_SDK/pico-sdk/src/rp2_common/pico_runtime_init/runtime_init.c.o
                0x0000000010006144                __pre_init_runtime_init_usb_power_down
 .preinit_array.00275
                0x0000000010006148        0x4 CMakeFiles/wifi_ap.dir/data/home/wuxinyang/PICO_SDK/pico-sdk/src/rp2_common/pico_bit_ops/bit_ops_aeabi.S.o
 .preinit_array.00300
                0x000000001000614c        0x4 CMakeFiles/wifi_ap.dir/data/home/wuxinyang/PICO_SDK/pico-sdk/src/rp2_common/pico_mem_ops/mem_ops_aeabi.S.o
 .preinit_array.00350
                0x0000000010006150        0x4 CMakeFiles/wifi_ap.dir/data/home/wuxinyang/PICO_SDK/pico-sdk/src/rp2_common/pico_double/double_aeabi_rp2040.S.o
 .preinit_array.00350
                0x0000000010006154        0x4 CMakeFiles/wifi_ap.dir/data/home/wuxinyang/PICO_SDK/pico-sdk/src/rp2_common/pico_float/float_aeabi_rp2040.S.o
 .preinit_array.00500
                0x0000000010006158        0x4 CMakeFiles/wifi_ap.dir/data/home/wuxinyang/PICO_SDK/pico-sdk/src/rp2_common/pico_runtime_init/runtime_init.c.o
                0x0000000010006158                __pre_init_runtime_init_clocks
 .preinit_array.00600
                0x000000001000615c        0x4 CMakeFiles/wifi_ap.dir/data/home/wuxinyang/PICO_SDK/pico-sdk/src/rp2_common/pico_runtime_init/runtime_init.c.o
                0x000000001000615c                __pre_init_runtime_init_post_clock_resets
 .preinit_array.00700
                0x0000000010006160        0x4 CMakeFiles/wifi_ap.dir/data/home/wuxinyang/PICO_SDK/pico-sdk/src/rp2_common/pico_runtime_init/runtime_init.c.o
                0x0000000010006160                __pre_init_runtime_init_rp2040_gpio_ie_disable
 .preinit_array.01000
                0x0000000010006164        0x4 CMakeFiles/wifi_ap.dir/data/home/wuxinyang/PICO_SDK/pico-sdk/src/rp2_common/pico_runtime_init/runtime_init.c.o
                0x0000000010006164                __pre_init_runtime_init_spin_locks_reset
 .preinit_array.01100
                0x0000000010006168        0x4 CMakeFiles/wifi_ap.dir/data/home/wuxinyang/PICO_SDK/pico-sdk/src/common/pico_sync/mutex.c.o
                0x0000000010006168                __pre_init_runtime_init_mutex
 .preinit_array.10080
                0x000000001000616c        0x4 CMakeFiles/wifi_ap.dir/data/home/wuxinyang/PICO_SDK/pico-sdk/src/rp2_common/pico_runtime_init/runtime_init.c.o
                0x000000001000616c                __pre_init_runtime_init_install_ram_vector_table
 .preinit_array.11000
                0x0000000010006170        0x4 CMakeFiles/wifi_ap.dir/data/home/wuxinyang/PICO_SDK/pico-sdk/src/common/pico_time/time.c.o
                0x0000000010006170                __pre_init_runtime_init_default_alarm_pool
 .preinit_array.YYYYY
                0x0000000010006174        0x4 CMakeFiles/wifi_ap.dir/data/home/wuxinyang/PICO_SDK/pico-sdk/src/rp2_common/pico_runtime/runtime.c.o
                0x0000000010006174                __pre_init_first_per_core_initializer
 .preinit_array.ZZZZZ.01200
                0x0000000010006178        0x4 CMakeFiles/wifi_ap.dir/data/home/wuxinyang/PICO_SDK/pico-sdk/src/rp2_common/hardware_irq/irq.c.o
                0x0000000010006178                __pre_init_runtime_init_per_core_irq_priorities
 *(.preinit_array)
                0x000000001000617c                PROVIDE (__preinit_array_end = .)
                0x000000001000617c                . = ALIGN (0x4)
                0x000000001000617c                PROVIDE (__init_array_start = .)
 *(SORT_BY_NAME(.init_array.*))
 *(.init_array)
 .init_array    0x000000001000617c        0x4 /usr/lib/gcc/arm-none-eabi/7.3.1/thumb/v6-m/crtbegin.o
                0x0000000010006180                PROVIDE (__init_array_end = .)
                0x0000000010006180                . = ALIGN (0x4)
                0x0000000010006180                PROVIDE (__fini_array_start = .)
 *(SORT_BY_NAME(.fini_array.*))
 *(.fini_array)
                0x0000000010006180                PROVIDE (__fini_array_end = .)
 *(.eh_frame*)
 .eh_frame      0x0000000010006180        0x0 /usr/lib/gcc/arm-none-eabi/7.3.1/thumb/v6-m/crtbegin.o
                0x0000000010006180                . = ALIGN (0x4)

.glue_7         0x0000000010006180        0x0
 .glue_7        0x0000000010006180        0x0 linker stubs

.glue_7t        0x0000000010006180        0x0
 .glue_7t       0x0000000010006180        0x0 linker stubs

.vfp11_veneer   0x0000000010006180        0x0
 .vfp11_veneer  0x0000000010006180        0x0 linker stubs

.v4_bx          0x0000000010006180        0x0
 .v4_bx         0x0000000010006180        0x0 linker stubs

.iplt           0x0000000010006180        0x0
 .iplt          0x0000000010006180        0x0 /usr/lib/gcc/arm-none-eabi/7.3.1/thumb/v6-m/crtbegin.o

.rodata         0x0000000010006180      0x6a8
 *(EXCLUDE_FILE(*libm.a: *libc.a:*lib_a-mem*.o *libgcc.a:) .rodata*)
 .rodata        0x0000000010006180       0x20 CMakeFiles/wifi_ap.dir/src/main.c.o
 .rodata.main.str1.4
                0x00000000100061a0        0x6 CMakeFiles/wifi_ap.dir/src/main.c.o
 *fill*         0x00000000100061a6        0x2 
 .rodata.str1.4
                0x00000000100061a8       0x75 CMakeFiles/wifi_ap.dir/src/main.c.o
 *fill*         0x000000001000621d        0x3 
 .rodata.configure_esp8285.str1.4
                0x0000000010006220       0x27 CMakeFiles/wifi_ap.dir/src/wifi_ap.c.o
 *fill*         0x0000000010006247        0x1 
 .rodata.str1.4
                0x0000000010006248       0x1a CMakeFiles/wifi_ap.dir/src/wifi_ap.c.o
 *fill*         0x0000000010006262        0x2 
 .rodata        0x0000000010006264       0x1a CMakeFiles/wifi_ap.dir/src/ssd1306/i2c.c.o
 *fill*         0x000000001000627e        0x2 
 .rodata.font   0x0000000010006280      0x128 CMakeFiles/wifi_ap.dir/src/ssd1306/i2c.c.o
 .rodata.panic.str1.4
                0x00000000100063a8       0x12 CMakeFiles/wifi_ap.dir/data/home/wuxinyang/PICO_SDK/pico-sdk/src/rp2_common/pico_platform_panic/panic.c.o
 *fill*         0x00000000100063ba        0x2 
 .rodata.timer_hardware_alarm_claim.str1.4
                0x00000000100063bc       0x22 CMakeFiles/wifi_ap.dir/data/home/wuxinyang/PICO_SDK/pico-sdk/src/rp2_common/hardware_timer/timer.c.o
 *fill*         0x00000000100063de        0x2 
 .rodata.hard_assertion_failure.str1.4
                0x00000000100063e0        0xc CMakeFiles/wifi_ap.dir/data/home/wuxinyang/PICO_SDK/pico-sdk/src/rp2_common/pico_runtime/runtime.c.o
 .rodata.__wrap_malloc.str1.4
                0x00000000100063ec        0xe CMakeFiles/wifi_ap.dir/data/home/wuxinyang/PICO_SDK/pico-sdk/src/rp2_common/pico_malloc/malloc.c.o
 *fill*         0x00000000100063fa        0x2 
 .rodata.__bi_26
                0x00000000100063fc        0xc CMakeFiles/wifi_ap.dir/data/home/wuxinyang/PICO_SDK/pico-sdk/src/rp2_common/pico_standard_binary_info/standard_binary_info.c.o
 .rodata.__bi_34
                0x0000000010006408        0xc CMakeFiles/wifi_ap.dir/data/home/wuxinyang/PICO_SDK/pico-sdk/src/rp2_common/pico_standard_binary_info/standard_binary_info.c.o
 .rodata.__bi_42
                0x0000000010006414        0xc CMakeFiles/wifi_ap.dir/data/home/wuxinyang/PICO_SDK/pico-sdk/src/rp2_common/pico_standard_binary_info/standard_binary_info.c.o
 .rodata.__bi_48
                0x0000000010006420        0xc CMakeFiles/wifi_ap.dir/data/home/wuxinyang/PICO_SDK/pico-sdk/src/rp2_common/pico_standard_binary_info/standard_binary_info.c.o
 .rodata.__bi_54
                0x000000001000642c        0xc CMakeFiles/wifi_ap.dir/data/home/wuxinyang/PICO_SDK/pico-sdk/src/rp2_common/pico_standard_binary_info/standard_binary_info.c.o
 .rodata.__bi_78
                0x0000000010006438        0xc CMakeFiles/wifi_ap.dir/data/home/wuxinyang/PICO_SDK/pico-sdk/src/rp2_common/pico_standard_binary_info/standard_binary_info.c.o
 .rodata.__bi_84
                0x0000000010006444        0xc CMakeFiles/wifi_ap.dir/data/home/wuxinyang/PICO_SDK/pico-sdk/src/rp2_common/pico_standard_binary_info/standard_binary_info.c.o
 .rodata.str1.4
                0x0000000010006450       0x3c CMakeFiles/wifi_ap.dir/data/home/wuxinyang/PICO_SDK/pico-sdk/src/rp2_common/pico_standard_binary_info/standard_binary_info.c.o
 .rodata._vsnprintf
                0x000000001000648c      0x1e0 CMakeFiles/wifi_ap.dir/data/home/wuxinyang/PICO_SDK/pico-sdk/src/rp2_common/pico_printf/printf.c.o
 .rodata._etoa.part.0.str1.4
                0x000000001000666c        0x9 CMakeFiles/wifi_ap.dir/data/home/wuxinyang/PICO_SDK/pico-sdk/src/rp2_common/pico_printf/printf.c.o
 *fill*         0x0000000010006675        0x3 
 .rodata._ftoa.str1.4
                0x0000000010006678        0xc CMakeFiles/wifi_ap.dir/data/home/wuxinyang/PICO_SDK/pico-sdk/src/rp2_common/pico_printf/printf.c.o
 *fill*         0x0000000010006684        0x4 
 .rodata.pow10.5404
                0x0000000010006688       0x50 CMakeFiles/wifi_ap.dir/data/home/wuxinyang/PICO_SDK/pico-sdk/src/rp2_common/pico_printf/printf.c.o
 .rodata.crlf_str.6366
                0x00000000100066d8        0x2 CMakeFiles/wifi_ap.dir/data/home/wuxinyang/PICO_SDK/pico-sdk/src/rp2_common/pico_stdio/stdio.c.o
 *fill*         0x00000000100066da        0x2 
 .rodata.__bi_45.5221
                0x00000000100066dc        0xc CMakeFiles/wifi_ap.dir/data/home/wuxinyang/PICO_SDK/pico-sdk/src/rp2_common/pico_stdio_uart/stdio_uart.c.o
 .rodata.__bi_49.5225
                0x00000000100066e8        0x8 CMakeFiles/wifi_ap.dir/data/home/wuxinyang/PICO_SDK/pico-sdk/src/rp2_common/pico_stdio_uart/stdio_uart.c.o
 .rodata.__bi_50.5229
                0x00000000100066f0        0x8 CMakeFiles/wifi_ap.dir/data/home/wuxinyang/PICO_SDK/pico-sdk/src/rp2_common/pico_stdio_uart/stdio_uart.c.o
 .rodata.str1.4
                0x00000000100066f8       0x2c CMakeFiles/wifi_ap.dir/data/home/wuxinyang/PICO_SDK/pico-sdk/src/rp2_common/pico_stdio_uart/stdio_uart.c.o
 .rodata        0x0000000010006724      0x101 /usr/lib/gcc/arm-none-eabi/7.3.1/../../../arm-none-eabi/lib/thumb/v6-m/libg.a(lib_a-ctype_.o)
                0x0000000010006724                _ctype_
                0x0000000010006828                . = ALIGN (0x4)
 *fill*         0x0000000010006825        0x3 
 *(SORT_BY_ALIGNMENT(SORT_BY_NAME(.flashdata*)))
                0x0000000010006828                . = ALIGN (0x4)

.ARM.extab
 *(.ARM.extab* .gnu.linkonce.armextab.*)
                0x0000000010006828                __exidx_start = .

.ARM.exidx
 *(.ARM.exidx* .gnu.linkonce.armexidx.*)
                0x0000000010006828                __exidx_end = .
                0x0000000010006828                . = ALIGN (0x4)
                0x0000000010006828                __binary_info_start = .

.binary_info    0x0000000010006828       0x28
 *(.binary_info.keep.*)
 .binary_info.keep.__bi_ptr26
                0x0000000010006828        0x4 CMakeFiles/wifi_ap.dir/data/home/wuxinyang/PICO_SDK/pico-sdk/src/rp2_common/pico_standard_binary_info/standard_binary_info.c.o
 .binary_info.keep.__bi_ptr34
                0x000000001000682c        0x4 CMakeFiles/wifi_ap.dir/data/home/wuxinyang/PICO_SDK/pico-sdk/src/rp2_common/pico_standard_binary_info/standard_binary_info.c.o
 .binary_info.keep.__bi_ptr42
                0x0000000010006830        0x4 CMakeFiles/wifi_ap.dir/data/home/wuxinyang/PICO_SDK/pico-sdk/src/rp2_common/pico_standard_binary_info/standard_binary_info.c.o
 .binary_info.keep.__bi_ptr48
                0x0000000010006834        0x4 CMakeFiles/wifi_ap.dir/data/home/wuxinyang/PICO_SDK/pico-sdk/src/rp2_common/pico_standard_binary_info/standard_binary_info.c.o
 .binary_info.keep.__bi_ptr54
                0x0000000010006838        0x4 CMakeFiles/wifi_ap.dir/data/home/wuxinyang/PICO_SDK/pico-sdk/src/rp2_common/pico_standard_binary_info/standard_binary_info.c.o
 .binary_info.keep.__bi_ptr78
                0x000000001000683c        0x4 CMakeFiles/wifi_ap.dir/data/home/wuxinyang/PICO_SDK/pico-sdk/src/rp2_common/pico_standard_binary_info/standard_binary_info.c.o
 .binary_info.keep.__bi_ptr84
                0x0000000010006840        0x4 CMakeFiles/wifi_ap.dir/data/home/wuxinyang/PICO_SDK/pico-sdk/src/rp2_common/pico_standard_binary_info/standard_binary_info.c.o
 *(.binary_info.*)
 .binary_info.__bi_ptr45
                0x0000000010006844        0x4 CMakeFiles/wifi_ap.dir/data/home/wuxinyang/PICO_SDK/pico-sdk/src/rp2_common/pico_stdio_uart/stdio_uart.c.o
 .binary_info.__bi_ptr49
                0x0000000010006848        0x4 CMakeFiles/wifi_ap.dir/data/home/wuxinyang/PICO_SDK/pico-sdk/src/rp2_common/pico_stdio_uart/stdio_uart.c.o
 .binary_info.__bi_ptr50
                0x000000001000684c        0x4 CMakeFiles/wifi_ap.dir/data/home/wuxinyang/PICO_SDK/pico-sdk/src/rp2_common/pico_stdio_uart/stdio_uart.c.o
                0x0000000010006850                __binary_info_end = .

.rel.dyn        0x0000000010006850        0x0
 .rel.iplt      0x0000000010006850        0x0 /usr/lib/gcc/arm-none-eabi/7.3.1/thumb/v6-m/crtbegin.o
                0x0000000010006850                . = ALIGN (0x4)

.ram_vector_table
                0x0000000020000000       0xc0
 *(.ram_vector_table)
 .ram_vector_table
                0x0000000020000000       0xc0 CMakeFiles/wifi_ap.dir/data/home/wuxinyang/PICO_SDK/pico-sdk/src/rp2_common/pico_runtime_init/runtime_init.c.o
                0x0000000020000000                ram_vector_table

.uninitialized_data
                0x00000000200000c0        0x0
                0x00000000200000c0                . = ALIGN (0x4)
 *(.uninitialized_data*)

.data           0x00000000200000c0      0x9d8 load address 0x0000000010006850
                0x00000000200000c0                __data_start__ = .
 *(vtable)
 *(.time_critical*)
 .time_critical.mutex_try_enter_block_until
                0x00000000200000c0       0x9c CMakeFiles/wifi_ap.dir/data/home/wuxinyang/PICO_SDK/pico-sdk/src/common/pico_sync/mutex.c.o
                0x00000000200000c0                mutex_try_enter_block_until
 .time_critical.mutex_exit
                0x000000002000015c       0x28 CMakeFiles/wifi_ap.dir/data/home/wuxinyang/PICO_SDK/pico-sdk/src/common/pico_sync/mutex.c.o
                0x000000002000015c                mutex_exit
 *(.text*)
 .text          0x0000000020000184        0x4 /usr/lib/gcc/arm-none-eabi/7.3.1/thumb/v6-m/libgcc.a(_dvmd_tls.o)
                0x0000000020000184                __aeabi_ldiv0
                0x0000000020000184                __aeabi_idiv0
 .text.__stub   0x0000000020000188       0x10 linker stubs
                0x0000000020000198                . = ALIGN (0x4)
 *(.rodata*)
                0x0000000020000198                . = ALIGN (0x4)
 *(.data*)
 .data.password
                0x0000000020000198        0x4 CMakeFiles/wifi_ap.dir/src/wifi_ap.c.o
                0x0000000020000198                password
 .data.ssid     0x000000002000019c        0x4 CMakeFiles/wifi_ap.dir/src/wifi_ap.c.o
                0x000000002000019c                ssid
 .data.striped_spin_lock_num
                0x00000000200001a0        0x1 CMakeFiles/wifi_ap.dir/data/home/wuxinyang/PICO_SDK/pico-sdk/src/rp2_common/hardware_sync/sync.c.o
 *fill*         0x00000000200001a1        0x3 
 .data          0x00000000200001a4       0x48 CMakeFiles/wifi_ap.dir/data/home/wuxinyang/PICO_SDK/pico-sdk/src/rp2_common/hardware_irq/irq_handler_chain.S.o
                0x00000000200001a4                irq_handler_chain_slots
                0x00000000200001d4                irq_handler_chain_first_slot
                0x00000000200001de                irq_handler_chain_remove_tail
 .data.default_alarm_pool
                0x00000000200001ec       0x18 CMakeFiles/wifi_ap.dir/data/home/wuxinyang/PICO_SDK/pico-sdk/src/common/pico_time/time.c.o
 *fill*         0x0000000020000204        0xc 
 .data.aeabi_bits_funcs
                0x0000000020000210       0x10 CMakeFiles/wifi_ap.dir/data/home/wuxinyang/PICO_SDK/pico-sdk/src/rp2_common/pico_bit_ops/bit_ops_aeabi.S.o
                0x0000000020000210                aeabi_bits_funcs
                0x0000000020000220                aeabi_bits_funcs_end
 .data.aeabi_mem_funcs
                0x0000000020000220       0x10 CMakeFiles/wifi_ap.dir/data/home/wuxinyang/PICO_SDK/pico-sdk/src/rp2_common/pico_mem_ops/mem_ops_aeabi.S.o
                0x0000000020000220                aeabi_mem_funcs
                0x0000000020000230                aeabi_mem_funcs_end
 .data.stdio_uart
                0x0000000020000230       0x18 CMakeFiles/wifi_ap.dir/data/home/wuxinyang/PICO_SDK/pico-sdk/src/rp2_common/pico_stdio_uart/stdio_uart.c.o
                0x0000000020000230                stdio_uart
 .data.i2c0_inst
                0x0000000020000248        0x8 CMakeFiles/wifi_ap.dir/data/home/wuxinyang/PICO_SDK/pico-sdk/src/rp2_common/hardware_i2c/i2c.c.o
                0x0000000020000248                i2c0_inst
 .data          0x0000000020000250      0x430 /usr/lib/gcc/arm-none-eabi/7.3.1/../../../arm-none-eabi/lib/thumb/v6-m/libg.a(lib_a-impure.o)
                0x0000000020000250                _impure_ptr
 .data          0x0000000020000680      0x410 /usr/lib/gcc/arm-none-eabi/7.3.1/../../../arm-none-eabi/lib/thumb/v6-m/libg.a(lib_a-mallocr.o)
                0x0000000020000680                __malloc_sbrk_base
                0x0000000020000684                __malloc_trim_threshold
                0x0000000020000688                __malloc_av_
                0x0000000020000a90                . = ALIGN (0x4)
 *(.after_data.*)
                0x0000000020000a90                . = ALIGN (0x4)
                0x0000000020000a90                PROVIDE (__mutex_array_start = .)
 *(SORT_BY_NAME(.mutex_array.*))
 *(.mutex_array)
 .mutex_array   0x0000000020000a90        0x8 CMakeFiles/wifi_ap.dir/data/home/wuxinyang/PICO_SDK/pico-sdk/src/rp2_common/pico_stdio/stdio.c.o
                0x0000000020000a98                PROVIDE (__mutex_array_end = .)
                0x0000000020000a98                . = ALIGN (0x4)
 *(.jcr)
                0x0000000020000a98                . = ALIGN (0x4)

.tm_clone_table
                0x0000000020000a98        0x0 load address 0x0000000010007228
 .tm_clone_table
                0x0000000020000a98        0x0 /usr/lib/gcc/arm-none-eabi/7.3.1/thumb/v6-m/crtbegin.o
 .tm_clone_table
                0x0000000020000a98        0x0 /usr/lib/gcc/arm-none-eabi/7.3.1/thumb/v6-m/crtend.o

.igot.plt       0x0000000020000a98        0x0 load address 0x0000000010007228
 .igot.plt      0x0000000020000a98        0x0 /usr/lib/gcc/arm-none-eabi/7.3.1/thumb/v6-m/crtbegin.o

.tdata          0x0000000020000a98        0x0 load address 0x0000000010007228
                0x0000000020000a98                . = ALIGN (0x4)
 *(.tdata .tdata.* .gnu.linkonce.td.*)
                0x0000000020000a98                __tdata_end = .
                0x0000000020000a98                PROVIDE (__data_end__ = .)
                0x0000000010006850                __etext = LOADADDR (.data)

.tbss           0x0000000020000a98        0x0 load address 0x0000000010007228
                0x0000000020000a98                . = ALIGN (0x4)
                0x0000000020000a98                __bss_start__ = .
                0x0000000020000a98                __tls_base = .
 *(.tbss .tbss.* .gnu.linkonce.tb.*)
 *(.tcommon)
                0x0000000020000a98                __tls_end = .

.bss            0x0000000020000a98      0x43c load address 0x0000000010007228
                0x0000000020000a98                . = ALIGN (0x4)
                0x0000000020000a98                __tbss_end = .
 *(SORT_BY_ALIGNMENT(SORT_BY_NAME(.bss*)))
 .bss.default_alarm_pool_entries
                0x0000000020000a98      0x180 CMakeFiles/wifi_ap.dir/data/home/wuxinyang/PICO_SDK/pico-sdk/src/common/pico_time/time.c.o
 .bss           0x0000000020000c18       0x1c /usr/lib/gcc/arm-none-eabi/7.3.1/thumb/v6-m/crtbegin.o
 .bss           0x0000000020000c34       0x34 /usr/lib/gcc/arm-none-eabi/7.3.1/../../../arm-none-eabi/lib/thumb/v6-m/libg.a(lib_a-mallocr.o)
                0x0000000020000c34                __malloc_top_pad
                0x0000000020000c38                __malloc_current_mallinfo
                0x0000000020000c60                __malloc_max_sbrked_mem
                0x0000000020000c64                __malloc_max_total_mem
 .bss.chars_available_callback
                0x0000000020000c68        0x4 CMakeFiles/wifi_ap.dir/data/home/wuxinyang/PICO_SDK/pico-sdk/src/rp2_common/pico_stdio_uart/stdio_uart.c.o
 .bss.chars_available_param
                0x0000000020000c6c        0x4 CMakeFiles/wifi_ap.dir/data/home/wuxinyang/PICO_SDK/pico-sdk/src/rp2_common/pico_stdio_uart/stdio_uart.c.o
 .bss.claimed   0x0000000020000c70        0x1 CMakeFiles/wifi_ap.dir/data/home/wuxinyang/PICO_SDK/pico-sdk/src/rp2_common/hardware_timer/timer.c.o
 *fill*         0x0000000020000c71        0x3 
 .bss.configured_freq
                0x0000000020000c74       0x28 CMakeFiles/wifi_ap.dir/data/home/wuxinyang/PICO_SDK/pico-sdk/src/rp2_common/hardware_clocks/clocks.c.o
 .bss.drivers   0x0000000020000c9c        0x4 CMakeFiles/wifi_ap.dir/data/home/wuxinyang/PICO_SDK/pico-sdk/src/rp2_common/pico_stdio/stdio.c.o
 .bss.filter    0x0000000020000ca0        0x4 CMakeFiles/wifi_ap.dir/data/home/wuxinyang/PICO_SDK/pico-sdk/src/rp2_common/pico_stdio/stdio.c.o
 .bss.heap_end.6311
                0x0000000020000ca4        0x4 CMakeFiles/wifi_ap.dir/data/home/wuxinyang/PICO_SDK/pico-sdk/src/rp2_common/pico_clib_interface/newlib_interface.c.o
 .bss.lazy_vsnprintf
                0x0000000020000ca8        0x4 CMakeFiles/wifi_ap.dir/data/home/wuxinyang/PICO_SDK/pico-sdk/src/rp2_common/pico_printf/printf.c.o
 .bss.pools     0x0000000020000cac       0x10 CMakeFiles/wifi_ap.dir/data/home/wuxinyang/PICO_SDK/pico-sdk/src/common/pico_time/time.c.o
 .bss.sf_clz_func
                0x0000000020000cbc        0x4 CMakeFiles/wifi_ap.dir/data/home/wuxinyang/PICO_SDK/pico-sdk/src/rp2_common/pico_double/double_init_rom_rp2040.c.o
                0x0000000020000cbc                sf_clz_func
 .bss.sleep_notifier
                0x0000000020000cc0        0x4 CMakeFiles/wifi_ap.dir/data/home/wuxinyang/PICO_SDK/pico-sdk/src/common/pico_time/time.c.o
 .bss.uart_instance
                0x0000000020000cc4        0x4 CMakeFiles/wifi_ap.dir/data/home/wuxinyang/PICO_SDK/pico-sdk/src/rp2_common/pico_stdio_uart/stdio_uart.c.o
 .bss.irq_handler_chain_free_slot_head
                0x0000000020000cc8        0x1 CMakeFiles/wifi_ap.dir/data/home/wuxinyang/PICO_SDK/pico-sdk/src/rp2_common/hardware_irq/irq.c.o
 *(COMMON)
 *fill*         0x0000000020000cc9        0x3 
 COMMON         0x0000000020000ccc        0x4 CMakeFiles/wifi_ap.dir/data/home/wuxinyang/PICO_SDK/pico-sdk/src/rp2_common/hardware_uart/uart.c.o
                0x0000000020000ccc                uart_char_to_line_feed
 COMMON         0x0000000020000cd0      0x100 CMakeFiles/wifi_ap.dir/data/home/wuxinyang/PICO_SDK/pico-sdk/src/rp2_common/pico_double/double_init_rom_rp2040.c.o
                0x0000000020000cd0                sd_table
 COMMON         0x0000000020000dd0      0x100 CMakeFiles/wifi_ap.dir/data/home/wuxinyang/PICO_SDK/pico-sdk/src/rp2_common/pico_float/float_init_rom_rp2040.c.o
                0x0000000020000dd0                sf_table
 COMMON         0x0000000020000ed0        0x4 /usr/lib/gcc/arm-none-eabi/7.3.1/../../../arm-none-eabi/lib/thumb/v6-m/libg.a(lib_a-reent.o)
                0x0000000020000ed0                errno
                0x0000000020000ed4                . = ALIGN (0x4)
                0x0000000020000ed4                __bss_end__ = .

.heap           0x0000000020000ed4      0x800 load address 0x0000000010007228
                0x0000000020000ed4                __end__ = .
                0x0000000020000ed4                end = __end__
 *(.heap*)
 .heap          0x0000000020000ed4      0x800 CMakeFiles/wifi_ap.dir/data/home/wuxinyang/PICO_SDK/pico-sdk/src/rp2_common/pico_crt0/crt0.S.o
                0x0000000020040000                __HeapLimit = (ORIGIN (RAM) + LENGTH (RAM))

.scratch_x      0x0000000020040000        0x0 load address 0x0000000010007228
                0x0000000020040000                __scratch_x_start__ = .
 *(.scratch_x.*)
                0x0000000020040000                . = ALIGN (0x4)
                0x0000000020040000                __scratch_x_end__ = .
                0x0000000010007228                __scratch_x_source__ = LOADADDR (.scratch_x)

.scratch_y      0x0000000020041000        0x0 load address 0x0000000010007228
                0x0000000020041000                __scratch_y_start__ = .
 *(.scratch_y.*)
                0x0000000020041000                . = ALIGN (0x4)
                0x0000000020041000                __scratch_y_end__ = .
                0x0000000010007228                __scratch_y_source__ = LOADADDR (.scratch_y)

.stack1_dummy   0x0000000020040000        0x0
 *(.stack1*)

.stack_dummy    0x0000000020041000      0x800
 *(.stack*)
 .stack         0x0000000020041000      0x800 CMakeFiles/wifi_ap.dir/data/home/wuxinyang/PICO_SDK/pico-sdk/src/rp2_common/pico_crt0/crt0.S.o

.flash_end      0x0000000010007228        0x0
 *(.embedded_end_block*)
                0x0000000010007228                PROVIDE (__flash_binary_end = .)
                0x0000000020040000                __StackLimit = (ORIGIN (RAM) + LENGTH (RAM))
                0x0000000020041000                __StackOneTop = (ORIGIN (SCRATCH_X) + LENGTH (SCRATCH_X))
                0x0000000020042000                __StackTop = (ORIGIN (SCRATCH_Y) + LENGTH (SCRATCH_Y))
                0x0000000020041000                __StackOneBottom = (__StackOneTop - SIZEOF (.stack1_dummy))
                0x0000000020041800                __StackBottom = (__StackTop - SIZEOF (.stack_dummy))
                0x0000000020042000                PROVIDE (__stack = __StackTop)
                [!provide]                        PROVIDE (__heap_start = __end__)
                [!provide]                        PROVIDE (__heap_end = __HeapLimit)
                [!provide]                        PROVIDE (__tls_align = MAX (ALIGNOF (.tdata), ALIGNOF (.tbss)))
                [!provide]                        PROVIDE (__tls_size_align = (((__tls_size + __tls_align) - 0x1) & ~ ((__tls_align - 0x1))))
                [!provide]                        PROVIDE (__arm32_tls_tcb_offset = MAX (0x8, __tls_align))
                [!provide]                        PROVIDE (_end = __end__)
                [!provide]                        PROVIDE (__llvm_libc_heap_limit = __HeapLimit)
                0x0000000000000001                ASSERT ((__StackLimit >= __HeapLimit), region RAM overflowed)
                0x0000000000000001                ASSERT (((__binary_info_header_end - __logical_binary_start) <= 0x100), Binary info must be in first 256 bytes of the binary)
LOAD CMakeFiles/wifi_ap.dir/src/main.c.o
LOAD CMakeFiles/wifi_ap.dir/src/wifi_ap.c.o
LOAD CMakeFiles/wifi_ap.dir/src/uart.c.o
LOAD CMakeFiles/wifi_ap.dir/src/ssd1306/i2c.c.o
LOAD CMakeFiles/wifi_ap.dir/data/home/wuxinyang/PICO_SDK/pico-sdk/src/rp2_common/pico_stdlib/stdlib.c.o
LOAD CMakeFiles/wifi_ap.dir/data/home/wuxinyang/PICO_SDK/pico-sdk/src/rp2_common/hardware_gpio/gpio.c.o
LOAD CMakeFiles/wifi_ap.dir/data/home/wuxinyang/PICO_SDK/pico-sdk/src/rp2040/pico_platform/platform.c.o
LOAD CMakeFiles/wifi_ap.dir/data/home/wuxinyang/PICO_SDK/pico-sdk/src/rp2_common/pico_platform_panic/panic.c.o
LOAD CMakeFiles/wifi_ap.dir/data/home/wuxinyang/PICO_SDK/pico-sdk/src/common/hardware_claim/claim.c.o
LOAD CMakeFiles/wifi_ap.dir/data/home/wuxinyang/PICO_SDK/pico-sdk/src/rp2_common/hardware_sync/sync.c.o
LOAD CMakeFiles/wifi_ap.dir/data/home/wuxinyang/PICO_SDK/pico-sdk/src/rp2_common/hardware_sync_spin_lock/sync_spin_lock.c.o
LOAD CMakeFiles/wifi_ap.dir/data/home/wuxinyang/PICO_SDK/pico-sdk/src/rp2_common/hardware_irq/irq.c.o
LOAD CMakeFiles/wifi_ap.dir/data/home/wuxinyang/PICO_SDK/pico-sdk/src/rp2_common/hardware_irq/irq_handler_chain.S.o
LOAD CMakeFiles/wifi_ap.dir/data/home/wuxinyang/PICO_SDK/pico-sdk/src/common/pico_sync/sem.c.o
LOAD CMakeFiles/wifi_ap.dir/data/home/wuxinyang/PICO_SDK/pico-sdk/src/common/pico_sync/lock_core.c.o
LOAD CMakeFiles/wifi_ap.dir/data/home/wuxinyang/PICO_SDK/pico-sdk/src/common/pico_sync/mutex.c.o
LOAD CMakeFiles/wifi_ap.dir/data/home/wuxinyang/PICO_SDK/pico-sdk/src/common/pico_sync/critical_section.c.o
LOAD CMakeFiles/wifi_ap.dir/data/home/wuxinyang/PICO_SDK/pico-sdk/src/common/pico_time/time.c.o
LOAD CMakeFiles/wifi_ap.dir/data/home/wuxinyang/PICO_SDK/pico-sdk/src/common/pico_time/timeout_helper.c.o
LOAD CMakeFiles/wifi_ap.dir/data/home/wuxinyang/PICO_SDK/pico-sdk/src/rp2_common/hardware_timer/timer.c.o
LOAD CMakeFiles/wifi_ap.dir/data/home/wuxinyang/PICO_SDK/pico-sdk/src/common/pico_util/datetime.c.o
LOAD CMakeFiles/wifi_ap.dir/data/home/wuxinyang/PICO_SDK/pico-sdk/src/common/pico_util/pheap.c.o
LOAD CMakeFiles/wifi_ap.dir/data/home/wuxinyang/PICO_SDK/pico-sdk/src/common/pico_util/queue.c.o
LOAD CMakeFiles/wifi_ap.dir/data/home/wuxinyang/PICO_SDK/pico-sdk/src/rp2_common/hardware_uart/uart.c.o
LOAD CMakeFiles/wifi_ap.dir/data/home/wuxinyang/PICO_SDK/pico-sdk/src/rp2_common/hardware_clocks/clocks.c.o
LOAD CMakeFiles/wifi_ap.dir/data/home/wuxinyang/PICO_SDK/pico-sdk/src/rp2_common/hardware_pll/pll.c.o
LOAD CMakeFiles/wifi_ap.dir/data/home/wuxinyang/PICO_SDK/pico-sdk/src/rp2_common/hardware_vreg/vreg.c.o
LOAD CMakeFiles/wifi_ap.dir/data/home/wuxinyang/PICO_SDK/pico-sdk/src/rp2_common/hardware_watchdog/watchdog.c.o
LOAD CMakeFiles/wifi_ap.dir/data/home/wuxinyang/PICO_SDK/pico-sdk/src/rp2_common/hardware_ticks/ticks.c.o
LOAD CMakeFiles/wifi_ap.dir/data/home/wuxinyang/PICO_SDK/pico-sdk/src/rp2_common/pico_bootrom/bootrom.c.o
LOAD CMakeFiles/wifi_ap.dir/data/home/wuxinyang/PICO_SDK/pico-sdk/src/rp2_common/pico_bootrom/bootrom_lock.c.o
LOAD CMakeFiles/wifi_ap.dir/data/home/wuxinyang/PICO_SDK/pico-sdk/src/rp2_common/hardware_boot_lock/boot_lock.c.o
LOAD CMakeFiles/wifi_ap.dir/data/home/wuxinyang/PICO_SDK/pico-sdk/src/rp2_common/pico_flash/flash.c.o
LOAD CMakeFiles/wifi_ap.dir/data/home/wuxinyang/PICO_SDK/pico-sdk/src/rp2_common/hardware_xosc/xosc.c.o
LOAD CMakeFiles/wifi_ap.dir/data/home/wuxinyang/PICO_SDK/pico-sdk/src/rp2_common/hardware_divider/divider.S.o
LOAD CMakeFiles/wifi_ap.dir/data/home/wuxinyang/PICO_SDK/pico-sdk/src/rp2_common/pico_runtime/runtime.c.o
LOAD CMakeFiles/wifi_ap.dir/data/home/wuxinyang/PICO_SDK/pico-sdk/src/rp2_common/pico_runtime_init/runtime_init.c.o
LOAD CMakeFiles/wifi_ap.dir/data/home/wuxinyang/PICO_SDK/pico-sdk/src/rp2_common/pico_runtime_init/runtime_init_clocks.c.o
LOAD CMakeFiles/wifi_ap.dir/data/home/wuxinyang/PICO_SDK/pico-sdk/src/rp2_common/pico_runtime_init/runtime_init_stack_guard.c.o
LOAD CMakeFiles/wifi_ap.dir/data/home/wuxinyang/PICO_SDK/pico-sdk/src/rp2_common/pico_bit_ops/bit_ops_aeabi.S.o
LOAD CMakeFiles/wifi_ap.dir/data/home/wuxinyang/PICO_SDK/pico-sdk/src/rp2_common/pico_divider/divider_hardware.S.o
LOAD CMakeFiles/wifi_ap.dir/data/home/wuxinyang/PICO_SDK/pico-sdk/src/rp2_common/pico_double/double_aeabi_rp2040.S.o
LOAD CMakeFiles/wifi_ap.dir/data/home/wuxinyang/PICO_SDK/pico-sdk/src/rp2_common/pico_double/double_init_rom_rp2040.c.o
LOAD CMakeFiles/wifi_ap.dir/data/home/wuxinyang/PICO_SDK/pico-sdk/src/rp2_common/pico_double/double_math.c.o
LOAD CMakeFiles/wifi_ap.dir/data/home/wuxinyang/PICO_SDK/pico-sdk/src/rp2_common/pico_double/double_v1_rom_shim_rp2040.S.o
LOAD CMakeFiles/wifi_ap.dir/data/home/wuxinyang/PICO_SDK/pico-sdk/src/rp2_common/pico_int64_ops/pico_int64_ops_aeabi.S.o
LOAD CMakeFiles/wifi_ap.dir/data/home/wuxinyang/PICO_SDK/pico-sdk/src/rp2_common/pico_float/float_aeabi_rp2040.S.o
LOAD CMakeFiles/wifi_ap.dir/data/home/wuxinyang/PICO_SDK/pico-sdk/src/rp2_common/pico_float/float_init_rom_rp2040.c.o
LOAD CMakeFiles/wifi_ap.dir/data/home/wuxinyang/PICO_SDK/pico-sdk/src/rp2_common/pico_float/float_math.c.o
LOAD CMakeFiles/wifi_ap.dir/data/home/wuxinyang/PICO_SDK/pico-sdk/src/rp2_common/pico_float/float_v1_rom_shim_rp2040.S.o
LOAD CMakeFiles/wifi_ap.dir/data/home/wuxinyang/PICO_SDK/pico-sdk/src/rp2_common/pico_malloc/malloc.c.o
LOAD CMakeFiles/wifi_ap.dir/data/home/wuxinyang/PICO_SDK/pico-sdk/src/rp2_common/pico_mem_ops/mem_ops_aeabi.S.o
LOAD CMakeFiles/wifi_ap.dir/data/home/wuxinyang/PICO_SDK/pico-sdk/src/rp2_common/pico_atomic/atomic.c.o
LOAD CMakeFiles/wifi_ap.dir/data/home/wuxinyang/PICO_SDK/pico-sdk/src/rp2_common/pico_cxx_options/new_delete.cpp.o
LOAD CMakeFiles/wifi_ap.dir/data/home/wuxinyang/PICO_SDK/pico-sdk/src/rp2_common/pico_standard_binary_info/standard_binary_info.c.o
LOAD CMakeFiles/wifi_ap.dir/data/home/wuxinyang/PICO_SDK/pico-sdk/src/rp2_common/pico_printf/printf.c.o
LOAD CMakeFiles/wifi_ap.dir/data/home/wuxinyang/PICO_SDK/pico-sdk/src/rp2_common/pico_crt0/crt0.S.o
LOAD CMakeFiles/wifi_ap.dir/data/home/wuxinyang/PICO_SDK/pico-sdk/src/rp2_common/pico_clib_interface/newlib_interface.c.o
LOAD CMakeFiles/wifi_ap.dir/data/home/wuxinyang/PICO_SDK/pico-sdk/src/rp2_common/pico_stdio/stdio.c.o
LOAD CMakeFiles/wifi_ap.dir/data/home/wuxinyang/PICO_SDK/pico-sdk/src/rp2_common/pico_stdio_uart/stdio_uart.c.o
LOAD CMakeFiles/wifi_ap.dir/data/home/wuxinyang/PICO_SDK/pico-sdk/src/rp2_common/hardware_i2c/i2c.c.o
LOAD pico-sdk/src/rp2040/boot_stage2/CMakeFiles/bs2_default_library.dir/bs2_default_padded_checksummed.S.o
LOAD /usr/lib/gcc/arm-none-eabi/7.3.1/../../../arm-none-eabi/lib/thumb/v6-m/libstdc++.a
LOAD /usr/lib/gcc/arm-none-eabi/7.3.1/../../../arm-none-eabi/lib/thumb/v6-m/libm.a
START GROUP
LOAD /usr/lib/gcc/arm-none-eabi/7.3.1/thumb/v6-m/libgcc.a
LOAD /usr/lib/gcc/arm-none-eabi/7.3.1/../../../arm-none-eabi/lib/thumb/v6-m/libg.a
LOAD /usr/lib/gcc/arm-none-eabi/7.3.1/../../../arm-none-eabi/lib/thumb/v6-m/libc.a
END GROUP
START GROUP
LOAD /usr/lib/gcc/arm-none-eabi/7.3.1/thumb/v6-m/libgcc.a
LOAD /usr/lib/gcc/arm-none-eabi/7.3.1/../../../arm-none-eabi/lib/thumb/v6-m/libc.a
LOAD /usr/lib/gcc/arm-none-eabi/7.3.1/../../../arm-none-eabi/lib/thumb/v6-m/libnosys.a
END GROUP
LOAD /usr/lib/gcc/arm-none-eabi/7.3.1/thumb/v6-m/crtend.o
LOAD /usr/lib/gcc/arm-none-eabi/7.3.1/thumb/v6-m/crtn.o
OUTPUT(wifi_ap.elf elf32-littlearm)

.ARM.attributes
                0x0000000000000000       0x28
 .ARM.attributes
                0x0000000000000000       0x1e /usr/lib/gcc/arm-none-eabi/7.3.1/thumb/v6-m/crti.o
 .ARM.attributes
                0x000000000000001e       0x2c /usr/lib/gcc/arm-none-eabi/7.3.1/thumb/v6-m/crtbegin.o
 .ARM.attributes
                0x000000000000004a       0x32 CMakeFiles/wifi_ap.dir/src/main.c.o
 .ARM.attributes
                0x000000000000007c       0x32 CMakeFiles/wifi_ap.dir/src/wifi_ap.c.o
 .ARM.attributes
                0x00000000000000ae       0x32 CMakeFiles/wifi_ap.dir/src/uart.c.o
 .ARM.attributes
                0x00000000000000e0       0x32 CMakeFiles/wifi_ap.dir/src/ssd1306/i2c.c.o
 .ARM.attributes
                0x0000000000000112       0x32 CMakeFiles/wifi_ap.dir/data/home/wuxinyang/PICO_SDK/pico-sdk/src/rp2_common/hardware_gpio/gpio.c.o
 .ARM.attributes
                0x0000000000000144       0x32 CMakeFiles/wifi_ap.dir/data/home/wuxinyang/PICO_SDK/pico-sdk/src/rp2_common/pico_platform_panic/panic.c.o
 .ARM.attributes
                0x0000000000000176       0x32 CMakeFiles/wifi_ap.dir/data/home/wuxinyang/PICO_SDK/pico-sdk/src/common/hardware_claim/claim.c.o
 .ARM.attributes
                0x00000000000001a8       0x32 CMakeFiles/wifi_ap.dir/data/home/wuxinyang/PICO_SDK/pico-sdk/src/rp2_common/hardware_sync/sync.c.o
 .ARM.attributes
                0x00000000000001da       0x32 CMakeFiles/wifi_ap.dir/data/home/wuxinyang/PICO_SDK/pico-sdk/src/rp2_common/hardware_sync_spin_lock/sync_spin_lock.c.o
 .ARM.attributes
                0x000000000000020c       0x32 CMakeFiles/wifi_ap.dir/data/home/wuxinyang/PICO_SDK/pico-sdk/src/rp2_common/hardware_irq/irq.c.o
 .ARM.attributes
                0x000000000000023e       0x22 CMakeFiles/wifi_ap.dir/data/home/wuxinyang/PICO_SDK/pico-sdk/src/rp2_common/hardware_irq/irq_handler_chain.S.o
 .ARM.attributes
                0x0000000000000260       0x32 CMakeFiles/wifi_ap.dir/data/home/wuxinyang/PICO_SDK/pico-sdk/src/common/pico_sync/lock_core.c.o
 .ARM.attributes
                0x0000000000000292       0x32 CMakeFiles/wifi_ap.dir/data/home/wuxinyang/PICO_SDK/pico-sdk/src/common/pico_sync/mutex.c.o
 .ARM.attributes
                0x00000000000002c4       0x32 CMakeFiles/wifi_ap.dir/data/home/wuxinyang/PICO_SDK/pico-sdk/src/common/pico_time/time.c.o
 .ARM.attributes
                0x00000000000002f6       0x32 CMakeFiles/wifi_ap.dir/data/home/wuxinyang/PICO_SDK/pico-sdk/src/rp2_common/hardware_timer/timer.c.o
 .ARM.attributes
                0x0000000000000328       0x32 CMakeFiles/wifi_ap.dir/data/home/wuxinyang/PICO_SDK/pico-sdk/src/rp2_common/hardware_uart/uart.c.o
 .ARM.attributes
                0x000000000000035a       0x32 CMakeFiles/wifi_ap.dir/data/home/wuxinyang/PICO_SDK/pico-sdk/src/rp2_common/hardware_clocks/clocks.c.o
 .ARM.attributes
                0x000000000000038c       0x32 CMakeFiles/wifi_ap.dir/data/home/wuxinyang/PICO_SDK/pico-sdk/src/rp2_common/hardware_pll/pll.c.o
 .ARM.attributes
                0x00000000000003be       0x32 CMakeFiles/wifi_ap.dir/data/home/wuxinyang/PICO_SDK/pico-sdk/src/rp2_common/hardware_ticks/ticks.c.o
 .ARM.attributes
                0x00000000000003f0       0x32 CMakeFiles/wifi_ap.dir/data/home/wuxinyang/PICO_SDK/pico-sdk/src/rp2_common/pico_bootrom/bootrom.c.o
 .ARM.attributes
                0x0000000000000422       0x32 CMakeFiles/wifi_ap.dir/data/home/wuxinyang/PICO_SDK/pico-sdk/src/rp2_common/hardware_xosc/xosc.c.o
 .ARM.attributes
                0x0000000000000454       0x32 CMakeFiles/wifi_ap.dir/data/home/wuxinyang/PICO_SDK/pico-sdk/src/rp2_common/pico_runtime/runtime.c.o
 .ARM.attributes
                0x0000000000000486       0x32 CMakeFiles/wifi_ap.dir/data/home/wuxinyang/PICO_SDK/pico-sdk/src/rp2_common/pico_runtime_init/runtime_init.c.o
 .ARM.attributes
                0x00000000000004b8       0x32 CMakeFiles/wifi_ap.dir/data/home/wuxinyang/PICO_SDK/pico-sdk/src/rp2_common/pico_runtime_init/runtime_init_clocks.c.o
 .ARM.attributes
                0x00000000000004ea       0x22 CMakeFiles/wifi_ap.dir/data/home/wuxinyang/PICO_SDK/pico-sdk/src/rp2_common/pico_bit_ops/bit_ops_aeabi.S.o
 .ARM.attributes
                0x000000000000050c       0x22 CMakeFiles/wifi_ap.dir/data/home/wuxinyang/PICO_SDK/pico-sdk/src/rp2_common/pico_divider/divider_hardware.S.o
 .ARM.attributes
                0x000000000000052e       0x22 CMakeFiles/wifi_ap.dir/data/home/wuxinyang/PICO_SDK/pico-sdk/src/rp2_common/pico_double/double_aeabi_rp2040.S.o
 .ARM.attributes
                0x0000000000000550       0x32 CMakeFiles/wifi_ap.dir/data/home/wuxinyang/PICO_SDK/pico-sdk/src/rp2_common/pico_double/double_init_rom_rp2040.c.o
 .ARM.attributes
                0x0000000000000582       0x22 CMakeFiles/wifi_ap.dir/data/home/wuxinyang/PICO_SDK/pico-sdk/src/rp2_common/pico_double/double_v1_rom_shim_rp2040.S.o
 .ARM.attributes
                0x00000000000005a4       0x22 CMakeFiles/wifi_ap.dir/data/home/wuxinyang/PICO_SDK/pico-sdk/src/rp2_common/pico_int64_ops/pico_int64_ops_aeabi.S.o
 .ARM.attributes
                0x00000000000005c6       0x22 CMakeFiles/wifi_ap.dir/data/home/wuxinyang/PICO_SDK/pico-sdk/src/rp2_common/pico_float/float_aeabi_rp2040.S.o
 .ARM.attributes
                0x00000000000005e8       0x32 CMakeFiles/wifi_ap.dir/data/home/wuxinyang/PICO_SDK/pico-sdk/src/rp2_common/pico_float/float_init_rom_rp2040.c.o
 .ARM.attributes
                0x000000000000061a       0x22 CMakeFiles/wifi_ap.dir/data/home/wuxinyang/PICO_SDK/pico-sdk/src/rp2_common/pico_float/float_v1_rom_shim_rp2040.S.o
 .ARM.attributes
                0x000000000000063c       0x32 CMakeFiles/wifi_ap.dir/data/home/wuxinyang/PICO_SDK/pico-sdk/src/rp2_common/pico_malloc/malloc.c.o
 .ARM.attributes
                0x000000000000066e       0x22 CMakeFiles/wifi_ap.dir/data/home/wuxinyang/PICO_SDK/pico-sdk/src/rp2_common/pico_mem_ops/mem_ops_aeabi.S.o
 .ARM.attributes
                0x0000000000000690       0x32 CMakeFiles/wifi_ap.dir/data/home/wuxinyang/PICO_SDK/pico-sdk/src/rp2_common/pico_standard_binary_info/standard_binary_info.c.o
 .ARM.attributes
                0x00000000000006c2       0x32 CMakeFiles/wifi_ap.dir/data/home/wuxinyang/PICO_SDK/pico-sdk/src/rp2_common/pico_printf/printf.c.o
 .ARM.attributes
                0x00000000000006f4       0x22 CMakeFiles/wifi_ap.dir/data/home/wuxinyang/PICO_SDK/pico-sdk/src/rp2_common/pico_crt0/crt0.S.o
 .ARM.attributes
                0x0000000000000716       0x32 CMakeFiles/wifi_ap.dir/data/home/wuxinyang/PICO_SDK/pico-sdk/src/rp2_common/pico_clib_interface/newlib_interface.c.o
 .ARM.attributes
                0x0000000000000748       0x32 CMakeFiles/wifi_ap.dir/data/home/wuxinyang/PICO_SDK/pico-sdk/src/rp2_common/pico_stdio/stdio.c.o
 .ARM.attributes
                0x000000000000077a       0x32 CMakeFiles/wifi_ap.dir/data/home/wuxinyang/PICO_SDK/pico-sdk/src/rp2_common/pico_stdio_uart/stdio_uart.c.o
 .ARM.attributes
                0x00000000000007ac       0x32 CMakeFiles/wifi_ap.dir/data/home/wuxinyang/PICO_SDK/pico-sdk/src/rp2_common/hardware_i2c/i2c.c.o
 .ARM.attributes
                0x00000000000007de       0x22 pico-sdk/src/rp2040/boot_stage2/CMakeFiles/bs2_default_library.dir/bs2_default_padded_checksummed.S.o
 .ARM.attributes
                0x0000000000000800       0x1e /usr/lib/gcc/arm-none-eabi/7.3.1/thumb/v6-m/libgcc.a(_dvmd_tls.o)
 .ARM.attributes
                0x000000000000081e       0x2c /usr/lib/gcc/arm-none-eabi/7.3.1/../../../arm-none-eabi/lib/thumb/v6-m/libg.a(lib_a-ctype_.o)
 .ARM.attributes
                0x000000000000084a       0x2c /usr/lib/gcc/arm-none-eabi/7.3.1/../../../arm-none-eabi/lib/thumb/v6-m/libg.a(lib_a-impure.o)
 .ARM.attributes
                0x0000000000000876       0x2c /usr/lib/gcc/arm-none-eabi/7.3.1/../../../arm-none-eabi/lib/thumb/v6-m/libg.a(lib_a-malloc.o)
 .ARM.attributes
                0x00000000000008a2       0x2c /usr/lib/gcc/arm-none-eabi/7.3.1/../../../arm-none-eabi/lib/thumb/v6-m/libg.a(lib_a-mallocr.o)
 .ARM.attributes
                0x00000000000008ce       0x2c /usr/lib/gcc/arm-none-eabi/7.3.1/../../../arm-none-eabi/lib/thumb/v6-m/libg.a(lib_a-mlock.o)
 .ARM.attributes
                0x00000000000008fa       0x2c /usr/lib/gcc/arm-none-eabi/7.3.1/../../../arm-none-eabi/lib/thumb/v6-m/libg.a(lib_a-sbrkr.o)
 .ARM.attributes
                0x0000000000000926       0x2c /usr/lib/gcc/arm-none-eabi/7.3.1/../../../arm-none-eabi/lib/thumb/v6-m/libg.a(lib_a-strlen-stub.o)
 .ARM.attributes
                0x0000000000000952       0x2c /usr/lib/gcc/arm-none-eabi/7.3.1/../../../arm-none-eabi/lib/thumb/v6-m/libg.a(lib_a-freer.o)
 .ARM.attributes
                0x000000000000097e       0x2c /usr/lib/gcc/arm-none-eabi/7.3.1/../../../arm-none-eabi/lib/thumb/v6-m/libg.a(lib_a-reent.o)
 .ARM.attributes
                0x00000000000009aa       0x2c /usr/lib/gcc/arm-none-eabi/7.3.1/thumb/v6-m/crtend.o

.comment        0x0000000000000000       0xae
 .comment       0x0000000000000000       0x57 /usr/lib/gcc/arm-none-eabi/7.3.1/thumb/v6-m/crtbegin.o
                                         0x58 (size before relaxing)
 .comment       0x0000000000000057       0x58 CMakeFiles/wifi_ap.dir/src/main.c.o
 .comment       0x0000000000000057       0x58 CMakeFiles/wifi_ap.dir/src/wifi_ap.c.o
 .comment       0x0000000000000057       0x58 CMakeFiles/wifi_ap.dir/src/uart.c.o
 .comment       0x0000000000000057       0x58 CMakeFiles/wifi_ap.dir/src/ssd1306/i2c.c.o
 .comment       0x0000000000000057       0x58 CMakeFiles/wifi_ap.dir/data/home/wuxinyang/PICO_SDK/pico-sdk/src/rp2_common/hardware_gpio/gpio.c.o
 .comment       0x0000000000000057       0x58 CMakeFiles/wifi_ap.dir/data/home/wuxinyang/PICO_SDK/pico-sdk/src/rp2_common/pico_platform_panic/panic.c.o
 .comment       0x0000000000000057       0x58 CMakeFiles/wifi_ap.dir/data/home/wuxinyang/PICO_SDK/pico-sdk/src/common/hardware_claim/claim.c.o
 .comment       0x0000000000000057       0x58 CMakeFiles/wifi_ap.dir/data/home/wuxinyang/PICO_SDK/pico-sdk/src/rp2_common/hardware_sync/sync.c.o
 .comment       0x0000000000000057       0x58 CMakeFiles/wifi_ap.dir/data/home/wuxinyang/PICO_SDK/pico-sdk/src/rp2_common/hardware_sync_spin_lock/sync_spin_lock.c.o
 .comment       0x0000000000000057       0x58 CMakeFiles/wifi_ap.dir/data/home/wuxinyang/PICO_SDK/pico-sdk/src/rp2_common/hardware_irq/irq.c.o
 .comment       0x0000000000000057       0x58 CMakeFiles/wifi_ap.dir/data/home/wuxinyang/PICO_SDK/pico-sdk/src/common/pico_sync/lock_core.c.o
 .comment       0x0000000000000057       0x58 CMakeFiles/wifi_ap.dir/data/home/wuxinyang/PICO_SDK/pico-sdk/src/common/pico_sync/mutex.c.o
 .comment       0x0000000000000057       0x58 CMakeFiles/wifi_ap.dir/data/home/wuxinyang/PICO_SDK/pico-sdk/src/common/pico_time/time.c.o
 .comment       0x0000000000000057       0x58 CMakeFiles/wifi_ap.dir/data/home/wuxinyang/PICO_SDK/pico-sdk/src/rp2_common/hardware_timer/timer.c.o
 .comment       0x0000000000000057       0x58 CMakeFiles/wifi_ap.dir/data/home/wuxinyang/PICO_SDK/pico-sdk/src/rp2_common/hardware_uart/uart.c.o
 .comment       0x0000000000000057       0x58 CMakeFiles/wifi_ap.dir/data/home/wuxinyang/PICO_SDK/pico-sdk/src/rp2_common/hardware_clocks/clocks.c.o
 .comment       0x0000000000000057       0x58 CMakeFiles/wifi_ap.dir/data/home/wuxinyang/PICO_SDK/pico-sdk/src/rp2_common/hardware_pll/pll.c.o
 .comment       0x0000000000000057       0x58 CMakeFiles/wifi_ap.dir/data/home/wuxinyang/PICO_SDK/pico-sdk/src/rp2_common/hardware_ticks/ticks.c.o
 .comment       0x0000000000000057       0x58 CMakeFiles/wifi_ap.dir/data/home/wuxinyang/PICO_SDK/pico-sdk/src/rp2_common/pico_bootrom/bootrom.c.o
 .comment       0x0000000000000057       0x58 CMakeFiles/wifi_ap.dir/data/home/wuxinyang/PICO_SDK/pico-sdk/src/rp2_common/hardware_xosc/xosc.c.o
 .comment       0x0000000000000057       0x58 CMakeFiles/wifi_ap.dir/data/home/wuxinyang/PICO_SDK/pico-sdk/src/rp2_common/pico_runtime/runtime.c.o
 .comment       0x0000000000000057       0x58 CMakeFiles/wifi_ap.dir/data/home/wuxinyang/PICO_SDK/pico-sdk/src/rp2_common/pico_runtime_init/runtime_init.c.o
 .comment       0x0000000000000057       0x58 CMakeFiles/wifi_ap.dir/data/home/wuxinyang/PICO_SDK/pico-sdk/src/rp2_common/pico_runtime_init/runtime_init_clocks.c.o
 .comment       0x0000000000000057       0x58 CMakeFiles/wifi_ap.dir/data/home/wuxinyang/PICO_SDK/pico-sdk/src/rp2_common/pico_double/double_init_rom_rp2040.c.o
 .comment       0x0000000000000057       0x58 CMakeFiles/wifi_ap.dir/data/home/wuxinyang/PICO_SDK/pico-sdk/src/rp2_common/pico_float/float_init_rom_rp2040.c.o
 .comment       0x0000000000000057       0x58 CMakeFiles/wifi_ap.dir/data/home/wuxinyang/PICO_SDK/pico-sdk/src/rp2_common/pico_malloc/malloc.c.o
 .comment       0x0000000000000057       0x58 CMakeFiles/wifi_ap.dir/data/home/wuxinyang/PICO_SDK/pico-sdk/src/rp2_common/pico_standard_binary_info/standard_binary_info.c.o
 .comment       0x0000000000000057       0x58 CMakeFiles/wifi_ap.dir/data/home/wuxinyang/PICO_SDK/pico-sdk/src/rp2_common/pico_printf/printf.c.o
 .comment       0x0000000000000057       0x58 CMakeFiles/wifi_ap.dir/data/home/wuxinyang/PICO_SDK/pico-sdk/src/rp2_common/pico_clib_interface/newlib_interface.c.o
 .comment       0x0000000000000057       0x58 CMakeFiles/wifi_ap.dir/data/home/wuxinyang/PICO_SDK/pico-sdk/src/rp2_common/pico_stdio/stdio.c.o
 .comment       0x0000000000000057       0x58 CMakeFiles/wifi_ap.dir/data/home/wuxinyang/PICO_SDK/pico-sdk/src/rp2_common/pico_stdio_uart/stdio_uart.c.o
 .comment       0x0000000000000057       0x58 CMakeFiles/wifi_ap.dir/data/home/wuxinyang/PICO_SDK/pico-sdk/src/rp2_common/hardware_i2c/i2c.c.o
 .comment       0x0000000000000057       0x57 /usr/lib/gcc/arm-none-eabi/7.3.1/../../../arm-none-eabi/lib/thumb/v6-m/libg.a(lib_a-ctype_.o)
                                         0x58 (size before relaxing)
 .comment       0x00000000000000ae       0x58 /usr/lib/gcc/arm-none-eabi/7.3.1/../../../arm-none-eabi/lib/thumb/v6-m/libg.a(lib_a-impure.o)
 .comment       0x00000000000000ae       0x58 /usr/lib/gcc/arm-none-eabi/7.3.1/../../../arm-none-eabi/lib/thumb/v6-m/libg.a(lib_a-malloc.o)
 .comment       0x00000000000000ae       0x58 /usr/lib/gcc/arm-none-eabi/7.3.1/../../../arm-none-eabi/lib/thumb/v6-m/libg.a(lib_a-mallocr.o)
 .comment       0x00000000000000ae       0x58 /usr/lib/gcc/arm-none-eabi/7.3.1/../../../arm-none-eabi/lib/thumb/v6-m/libg.a(lib_a-mlock.o)
 .comment       0x00000000000000ae       0x58 /usr/lib/gcc/arm-none-eabi/7.3.1/../../../arm-none-eabi/lib/thumb/v6-m/libg.a(lib_a-sbrkr.o)
 .comment       0x00000000000000ae       0x58 /usr/lib/gcc/arm-none-eabi/7.3.1/../../../arm-none-eabi/lib/thumb/v6-m/libg.a(lib_a-strlen-stub.o)
 .comment       0x00000000000000ae       0x58 /usr/lib/gcc/arm-none-eabi/7.3.1/../../../arm-none-eabi/lib/thumb/v6-m/libg.a(lib_a-freer.o)
 .comment       0x00000000000000ae       0x58 /usr/lib/gcc/arm-none-eabi/7.3.1/../../../arm-none-eabi/lib/thumb/v6-m/libg.a(lib_a-reent.o)
 .comment       0x00000000000000ae       0x58 /usr/lib/gcc/arm-none-eabi/7.3.1/thumb/v6-m/crtend.o

.debug_info     0x0000000000000000    0x2a88c
 .debug_info    0x0000000000000000     0x174a CMakeFiles/wifi_ap.dir/src/main.c.o
 .debug_info    0x000000000000174a     0x16b1 CMakeFiles/wifi_ap.dir/src/wifi_ap.c.o
 .debug_info    0x0000000000002dfb      0xc9d CMakeFiles/wifi_ap.dir/src/uart.c.o
 .debug_info    0x0000000000003a98     0x13a9 CMakeFiles/wifi_ap.dir/src/ssd1306/i2c.c.o
 .debug_info    0x0000000000004e41     0x1eb9 CMakeFiles/wifi_ap.dir/data/home/wuxinyang/PICO_SDK/pico-sdk/src/rp2_common/hardware_gpio/gpio.c.o
 .debug_info    0x0000000000006cfa      0x9de CMakeFiles/wifi_ap.dir/data/home/wuxinyang/PICO_SDK/pico-sdk/src/rp2_common/pico_platform_panic/panic.c.o
 .debug_info    0x00000000000076d8      0x865 CMakeFiles/wifi_ap.dir/data/home/wuxinyang/PICO_SDK/pico-sdk/src/common/hardware_claim/claim.c.o
 .debug_info    0x0000000000007f3d      0x39b CMakeFiles/wifi_ap.dir/data/home/wuxinyang/PICO_SDK/pico-sdk/src/rp2_common/hardware_sync/sync.c.o
 .debug_info    0x00000000000082d8      0x1e1 CMakeFiles/wifi_ap.dir/data/home/wuxinyang/PICO_SDK/pico-sdk/src/rp2_common/hardware_sync_spin_lock/sync_spin_lock.c.o
 .debug_info    0x00000000000084b9     0x1bb5 CMakeFiles/wifi_ap.dir/data/home/wuxinyang/PICO_SDK/pico-sdk/src/rp2_common/hardware_irq/irq.c.o
 .debug_info    0x000000000000a06e       0x26 CMakeFiles/wifi_ap.dir/data/home/wuxinyang/PICO_SDK/pico-sdk/src/rp2_common/hardware_irq/irq_handler_chain.S.o
 .debug_info    0x000000000000a094      0x181 CMakeFiles/wifi_ap.dir/data/home/wuxinyang/PICO_SDK/pico-sdk/src/common/pico_sync/lock_core.c.o
 .debug_info    0x000000000000a215     0x22a0 CMakeFiles/wifi_ap.dir/data/home/wuxinyang/PICO_SDK/pico-sdk/src/common/pico_sync/mutex.c.o
 .debug_info    0x000000000000c4b5     0x504e CMakeFiles/wifi_ap.dir/data/home/wuxinyang/PICO_SDK/pico-sdk/src/common/pico_time/time.c.o
 .debug_info    0x0000000000011503     0x22c1 CMakeFiles/wifi_ap.dir/data/home/wuxinyang/PICO_SDK/pico-sdk/src/rp2_common/hardware_timer/timer.c.o
 .debug_info    0x00000000000137c4     0x1577 CMakeFiles/wifi_ap.dir/data/home/wuxinyang/PICO_SDK/pico-sdk/src/rp2_common/hardware_uart/uart.c.o
 .debug_info    0x0000000000014d3b     0x1f72 CMakeFiles/wifi_ap.dir/data/home/wuxinyang/PICO_SDK/pico-sdk/src/rp2_common/hardware_clocks/clocks.c.o
 .debug_info    0x0000000000016cad      0x46a CMakeFiles/wifi_ap.dir/data/home/wuxinyang/PICO_SDK/pico-sdk/src/rp2_common/hardware_pll/pll.c.o
 .debug_info    0x0000000000017117      0x233 CMakeFiles/wifi_ap.dir/data/home/wuxinyang/PICO_SDK/pico-sdk/src/rp2_common/hardware_ticks/ticks.c.o
 .debug_info    0x000000000001734a      0xc30 CMakeFiles/wifi_ap.dir/data/home/wuxinyang/PICO_SDK/pico-sdk/src/rp2_common/pico_bootrom/bootrom.c.o
 .debug_info    0x0000000000017f7a      0x1ba CMakeFiles/wifi_ap.dir/data/home/wuxinyang/PICO_SDK/pico-sdk/src/rp2_common/hardware_xosc/xosc.c.o
 .debug_info    0x0000000000018134      0x202 CMakeFiles/wifi_ap.dir/data/home/wuxinyang/PICO_SDK/pico-sdk/src/rp2_common/pico_runtime/runtime.c.o
 .debug_info    0x0000000000018336      0x73b CMakeFiles/wifi_ap.dir/data/home/wuxinyang/PICO_SDK/pico-sdk/src/rp2_common/pico_runtime_init/runtime_init.c.o
 .debug_info    0x0000000000018a71      0x696 CMakeFiles/wifi_ap.dir/data/home/wuxinyang/PICO_SDK/pico-sdk/src/rp2_common/pico_runtime_init/runtime_init_clocks.c.o
 .debug_info    0x0000000000019107       0x22 CMakeFiles/wifi_ap.dir/data/home/wuxinyang/PICO_SDK/pico-sdk/src/rp2_common/pico_bit_ops/bit_ops_aeabi.S.o
 .debug_info    0x0000000000019129       0x22 CMakeFiles/wifi_ap.dir/data/home/wuxinyang/PICO_SDK/pico-sdk/src/rp2_common/pico_divider/divider_hardware.S.o
 .debug_info    0x000000000001914b       0x22 CMakeFiles/wifi_ap.dir/data/home/wuxinyang/PICO_SDK/pico-sdk/src/rp2_common/pico_double/double_aeabi_rp2040.S.o
 .debug_info    0x000000000001916d      0xa30 CMakeFiles/wifi_ap.dir/data/home/wuxinyang/PICO_SDK/pico-sdk/src/rp2_common/pico_double/double_init_rom_rp2040.c.o
 .debug_info    0x0000000000019b9d       0x22 CMakeFiles/wifi_ap.dir/data/home/wuxinyang/PICO_SDK/pico-sdk/src/rp2_common/pico_double/double_v1_rom_shim_rp2040.S.o
 .debug_info    0x0000000000019bbf       0x26 CMakeFiles/wifi_ap.dir/data/home/wuxinyang/PICO_SDK/pico-sdk/src/rp2_common/pico_int64_ops/pico_int64_ops_aeabi.S.o
 .debug_info    0x0000000000019be5       0x22 CMakeFiles/wifi_ap.dir/data/home/wuxinyang/PICO_SDK/pico-sdk/src/rp2_common/pico_float/float_aeabi_rp2040.S.o
 .debug_info    0x0000000000019c07      0xa32 CMakeFiles/wifi_ap.dir/data/home/wuxinyang/PICO_SDK/pico-sdk/src/rp2_common/pico_float/float_init_rom_rp2040.c.o
 .debug_info    0x000000000001a639       0x22 CMakeFiles/wifi_ap.dir/data/home/wuxinyang/PICO_SDK/pico-sdk/src/rp2_common/pico_float/float_v1_rom_shim_rp2040.S.o
 .debug_info    0x000000000001a65b      0xaf1 CMakeFiles/wifi_ap.dir/data/home/wuxinyang/PICO_SDK/pico-sdk/src/rp2_common/pico_malloc/malloc.c.o
 .debug_info    0x000000000001b14c       0x22 CMakeFiles/wifi_ap.dir/data/home/wuxinyang/PICO_SDK/pico-sdk/src/rp2_common/pico_mem_ops/mem_ops_aeabi.S.o
 .debug_info    0x000000000001b16e      0x2d1 CMakeFiles/wifi_ap.dir/data/home/wuxinyang/PICO_SDK/pico-sdk/src/rp2_common/pico_standard_binary_info/standard_binary_info.c.o
 .debug_info    0x000000000001b43f     0x3357 CMakeFiles/wifi_ap.dir/data/home/wuxinyang/PICO_SDK/pico-sdk/src/rp2_common/pico_printf/printf.c.o
 .debug_info    0x000000000001e796       0x22 CMakeFiles/wifi_ap.dir/data/home/wuxinyang/PICO_SDK/pico-sdk/src/rp2_common/pico_crt0/crt0.S.o
 .debug_info    0x000000000001e7b8     0x127a CMakeFiles/wifi_ap.dir/data/home/wuxinyang/PICO_SDK/pico-sdk/src/rp2_common/pico_clib_interface/newlib_interface.c.o
 .debug_info    0x000000000001fa32     0x21c4 CMakeFiles/wifi_ap.dir/data/home/wuxinyang/PICO_SDK/pico-sdk/src/rp2_common/pico_stdio/stdio.c.o
 .debug_info    0x0000000000021bf6     0x12f7 CMakeFiles/wifi_ap.dir/data/home/wuxinyang/PICO_SDK/pico-sdk/src/rp2_common/pico_stdio_uart/stdio_uart.c.o
 .debug_info    0x0000000000022eed     0x1a47 CMakeFiles/wifi_ap.dir/data/home/wuxinyang/PICO_SDK/pico-sdk/src/rp2_common/hardware_i2c/i2c.c.o
 .debug_info    0x0000000000024934       0x26 /usr/lib/gcc/arm-none-eabi/7.3.1/thumb/v6-m/libgcc.a(_dvmd_tls.o)
 .debug_info    0x000000000002495a      0xdb6 /usr/lib/gcc/arm-none-eabi/7.3.1/../../../arm-none-eabi/lib/thumb/v6-m/libg.a(lib_a-ctype_.o)
 .debug_info    0x0000000000025710      0x8a9 /usr/lib/gcc/arm-none-eabi/7.3.1/../../../arm-none-eabi/lib/thumb/v6-m/libg.a(lib_a-impure.o)
 .debug_info    0x0000000000025fb9      0x926 /usr/lib/gcc/arm-none-eabi/7.3.1/../../../arm-none-eabi/lib/thumb/v6-m/libg.a(lib_a-malloc.o)
 .debug_info    0x00000000000268df      0xde7 /usr/lib/gcc/arm-none-eabi/7.3.1/../../../arm-none-eabi/lib/thumb/v6-m/libg.a(lib_a-mallocr.o)
 .debug_info    0x00000000000276c6      0x8dc /usr/lib/gcc/arm-none-eabi/7.3.1/../../../arm-none-eabi/lib/thumb/v6-m/libg.a(lib_a-mlock.o)
 .debug_info    0x0000000000027fa2      0x95f /usr/lib/gcc/arm-none-eabi/7.3.1/../../../arm-none-eabi/lib/thumb/v6-m/libg.a(lib_a-sbrkr.o)
 .debug_info    0x0000000000028901      0x8e2 /usr/lib/gcc/arm-none-eabi/7.3.1/../../../arm-none-eabi/lib/thumb/v6-m/libg.a(lib_a-strlen-stub.o)
 .debug_info    0x00000000000291e3      0xc97 /usr/lib/gcc/arm-none-eabi/7.3.1/../../../arm-none-eabi/lib/thumb/v6-m/libg.a(lib_a-freer.o)
 .debug_info    0x0000000000029e7a      0xa12 /usr/lib/gcc/arm-none-eabi/7.3.1/../../../arm-none-eabi/lib/thumb/v6-m/libg.a(lib_a-reent.o)

.debug_abbrev   0x0000000000000000     0x715d
 .debug_abbrev  0x0000000000000000      0x360 CMakeFiles/wifi_ap.dir/src/main.c.o
 .debug_abbrev  0x0000000000000360      0x3f8 CMakeFiles/wifi_ap.dir/src/wifi_ap.c.o
 .debug_abbrev  0x0000000000000758      0x2b5 CMakeFiles/wifi_ap.dir/src/uart.c.o
 .debug_abbrev  0x0000000000000a0d      0x3b1 CMakeFiles/wifi_ap.dir/src/ssd1306/i2c.c.o
 .debug_abbrev  0x0000000000000dbe      0x42f CMakeFiles/wifi_ap.dir/data/home/wuxinyang/PICO_SDK/pico-sdk/src/rp2_common/hardware_gpio/gpio.c.o
 .debug_abbrev  0x00000000000011ed      0x21c CMakeFiles/wifi_ap.dir/data/home/wuxinyang/PICO_SDK/pico-sdk/src/rp2_common/pico_platform_panic/panic.c.o